<?xml version="1.0" encoding="utf-8"?><testsuites><testsuite name="pytest" errors="103" failures="0" skipped="21" tests="126" time="1.285" timestamp="2025-11-06T15:26:57.133348" hostname="8e124b1fa751"><testcase classname="tests.api.test_api_logging.TestAPILoggingInfrastructure" name="test_api_log_model_exists" time="0.000"><skipped type="pytest.skip" message="Requires database access to verify api.log model exists">/app/tests/api/test_api_logging.py:28: Requires database access to verify api.log model exists</skipped></testcase><testcase classname="tests.api.test_api_logging.TestAPILoggingInfrastructure" name="test_api_log_table_accessible" time="0.000"><skipped type="pytest.skip" message="Requires database access to query api.log records">/app/tests/api/test_api_logging.py:47: Requires database access to query api.log records</skipped></testcase><testcase classname="tests.api.test_api_logging.TestRequestLogging" name="test_successful_request_creates_log_entry" time="0.000"><skipped type="pytest.skip" message="Requires database access to verify log entries">/app/tests/api/test_api_logging.py:68: Requires database access to verify log entries</skipped></testcase><testcase classname="tests.api.test_api_logging.TestRequestLogging" name="test_failed_request_creates_log_entry" time="0.000"><skipped type="pytest.skip" message="Requires database access to verify log entries">/app/tests/api/test_api_logging.py:114: Requires database access to verify log entries</skipped></testcase><testcase classname="tests.api.test_api_logging.TestAuthenticationLogging" name="test_failed_authentication_logged" time="0.000"><skipped type="pytest.skip" message="Requires database access to verify auth failure logs">/app/tests/api/test_api_logging.py:159: Requires database access to verify auth failure logs</skipped></testcase><testcase classname="tests.api.test_api_logging.TestAuthenticationLogging" name="test_insufficient_scope_logged" time="0.000"><skipped type="pytest.skip" message="Requires database access to verify scope logs">/app/tests/api/test_api_logging.py:202: Requires database access to verify scope logs</skipped></testcase><testcase classname="tests.api.test_api_logging.TestDataSanitization" name="test_passwords_sanitized_in_logs" time="0.000"><skipped type="pytest.skip" message="Requires database access to verify sanitization - CRITICAL GAP">/app/tests/api/test_api_logging.py:243: Requires database access to verify sanitization - CRITICAL GAP</skipped></testcase><testcase classname="tests.api.test_api_logging.TestDataSanitization" name="test_pii_sanitized_in_logs" time="0.000"><skipped type="pytest.skip" message="Requires database access to verify PII sanitization">/app/tests/api/test_api_logging.py:286: Requires database access to verify PII sanitization</skipped></testcase><testcase classname="tests.api.test_api_logging.TestPerformanceMetrics" name="test_execution_time_captured" time="0.000"><skipped type="pytest.skip" message="Requires database access to verify execution_time field">/app/tests/api/test_api_logging.py:333: Requires database access to verify execution_time field</skipped></testcase><testcase classname="tests.api.test_api_logging.TestPerformanceMetrics" name="test_slow_queries_flagged" time="0.000"><skipped type="pytest.skip" message="Requires database access to verify slow query flagging">/app/tests/api/test_api_logging.py:368: Requires database access to verify slow query flagging</skipped></testcase><testcase classname="tests.api.test_api_logging.TestIPAddressLogging" name="test_client_ip_address_logged" time="0.001"><skipped type="pytest.skip" message="Requires database access to verify IP logging - KNOWN GAP">/app/tests/api/test_api_logging.py:405: Requires database access to verify IP logging - KNOWN GAP</skipped></testcase><testcase classname="tests.api.test_api_logging.TestUserAgentLogging" name="test_user_agent_logged" time="0.001"><skipped type="pytest.skip" message="Requires database access to verify user agent - KNOWN GAP">/app/tests/api/test_api_logging.py:447: Requires database access to verify user agent - KNOWN GAP</skipped></testcase><testcase classname="tests.api.test_api_logging.TestAuditTrailForDataModifications" name="test_record_creation_audit_trail" time="0.000"><skipped type="pytest.skip" message="Requires database access to verify audit trail">/app/tests/api/test_api_logging.py:489: Requires database access to verify audit trail</skipped></testcase><testcase classname="tests.api.test_api_logging.TestAuditTrailForDataModifications" name="test_record_update_audit_trail" time="0.000"><skipped type="pytest.skip" message="Requires database access to verify update audit trail">/app/tests/api/test_api_logging.py:525: Requires database access to verify update audit trail</skipped></testcase><testcase classname="tests.api.test_api_logging.TestLogRetentionAndAccess" name="test_log_retention_policy_configured" time="0.000"><skipped type="pytest.skip" message="Requires admin access to verify log retention settings">/app/tests/api/test_api_logging.py:584: Requires admin access to verify log retention settings</skipped></testcase><testcase classname="tests.api.test_api_logging.TestLogRetentionAndAccess" name="test_log_query_interface_available" time="0.000"><skipped type="pytest.skip" message="Requires admin access to log query interface">/app/tests/api/test_api_logging.py:603: Requires admin access to log query interface</skipped></testcase><testcase classname="tests.api.test_api_logging.TestLoggingDocumentation" name="test_all_api_endpoints_should_log" time="0.008" /><testcase classname="tests.api.test_api_logging.TestLoggingGapsSummary" name="test_document_critical_logging_gaps" time="0.001" /><testcase classname="tests.api.test_authentication.TestAuthenticationValidation" name="test_valid_credentials_customer_scope" time="0.001"><error message="failed on setup with &quot;file /app/tests/api/test_authentication.py, line 25&#10;      def test_valid_credentials_customer_scope(&#10;E       fixture 'api_client' not found&#10;&gt;       available fixtures: cache, capfd, capfdbinary, caplog, capsys, capsysbinary, doctest_namespace, extra, extras, include_metadata_in_junit_xml, log_test_start, metadata, monkeypatch, pytestconfig, record_property, record_testsuite_property, record_xml_attribute, recwarn, testrun_uid, tmp_path, tmp_path_factory, tmpdir, tmpdir_factory, worker_id&#10;&gt;       use 'pytest --fixtures [testpath]' for help on them.&#10;&#10;/app/tests/api/test_authentication.py:25&quot;">file /app/tests/api/test_authentication.py, line 25
      def test_valid_credentials_customer_scope(
E       fixture 'api_client' not found
&gt;       available fixtures: cache, capfd, capfdbinary, caplog, capsys, capsysbinary, doctest_namespace, extra, extras, include_metadata_in_junit_xml, log_test_start, metadata, monkeypatch, pytestconfig, record_property, record_testsuite_property, record_xml_attribute, recwarn, testrun_uid, tmp_path, tmp_path_factory, tmpdir, tmpdir_factory, worker_id
&gt;       use 'pytest --fixtures [testpath]' for help on them.

/app/tests/api/test_authentication.py:25</error></testcase><testcase classname="tests.api.test_authentication.TestAuthenticationValidation" name="test_invalid_api_key_rejected" time="0.001"><error message="failed on setup with &quot;file /app/tests/api/test_authentication.py, line 67&#10;      def test_invalid_api_key_rejected(&#10;E       fixture 'api_client' not found&#10;&gt;       available fixtures: cache, capfd, capfdbinary, caplog, capsys, capsysbinary, doctest_namespace, extra, extras, include_metadata_in_junit_xml, log_test_start, metadata, monkeypatch, pytestconfig, record_property, record_testsuite_property, record_xml_attribute, recwarn, testrun_uid, tmp_path, tmp_path_factory, tmpdir, tmpdir_factory, worker_id&#10;&gt;       use 'pytest --fixtures [testpath]' for help on them.&#10;&#10;/app/tests/api/test_authentication.py:67&quot;">file /app/tests/api/test_authentication.py, line 67
      def test_invalid_api_key_rejected(
E       fixture 'api_client' not found
&gt;       available fixtures: cache, capfd, capfdbinary, caplog, capsys, capsysbinary, doctest_namespace, extra, extras, include_metadata_in_junit_xml, log_test_start, metadata, monkeypatch, pytestconfig, record_property, record_testsuite_property, record_xml_attribute, recwarn, testrun_uid, tmp_path, tmp_path_factory, tmpdir, tmpdir_factory, worker_id
&gt;       use 'pytest --fixtures [testpath]' for help on them.

/app/tests/api/test_authentication.py:67</error></testcase><testcase classname="tests.api.test_authentication.TestAuthenticationValidation" name="test_missing_api_key_rejected" time="0.001"><error message="failed on setup with &quot;file /app/tests/api/test_authentication.py, line 102&#10;      def test_missing_api_key_rejected(&#10;E       fixture 'api_client' not found&#10;&gt;       available fixtures: cache, capfd, capfdbinary, caplog, capsys, capsysbinary, doctest_namespace, extra, extras, include_metadata_in_junit_xml, log_test_start, metadata, monkeypatch, pytestconfig, record_property, record_testsuite_property, record_xml_attribute, recwarn, testrun_uid, tmp_path, tmp_path_factory, tmpdir, tmpdir_factory, worker_id&#10;&gt;       use 'pytest --fixtures [testpath]' for help on them.&#10;&#10;/app/tests/api/test_authentication.py:102&quot;">file /app/tests/api/test_authentication.py, line 102
      def test_missing_api_key_rejected(
E       fixture 'api_client' not found
&gt;       available fixtures: cache, capfd, capfdbinary, caplog, capsys, capsysbinary, doctest_namespace, extra, extras, include_metadata_in_junit_xml, log_test_start, metadata, monkeypatch, pytestconfig, record_property, record_testsuite_property, record_xml_attribute, recwarn, testrun_uid, tmp_path, tmp_path_factory, tmpdir, tmpdir_factory, worker_id
&gt;       use 'pytest --fixtures [testpath]' for help on them.

/app/tests/api/test_authentication.py:102</error></testcase><testcase classname="tests.api.test_authentication.TestAuthenticationValidation" name="test_missing_login_rejected" time="0.001"><error message="failed on setup with &quot;file /app/tests/api/test_authentication.py, line 132&#10;      def test_missing_login_rejected(&#10;E       fixture 'api_client' not found&#10;&gt;       available fixtures: cache, capfd, capfdbinary, caplog, capsys, capsysbinary, doctest_namespace, extra, extras, include_metadata_in_junit_xml, log_test_start, metadata, monkeypatch, pytestconfig, record_property, record_testsuite_property, record_xml_attribute, recwarn, testrun_uid, tmp_path, tmp_path_factory, tmpdir, tmpdir_factory, worker_id&#10;&gt;       use 'pytest --fixtures [testpath]' for help on them.&#10;&#10;/app/tests/api/test_authentication.py:132&quot;">file /app/tests/api/test_authentication.py, line 132
      def test_missing_login_rejected(
E       fixture 'api_client' not found
&gt;       available fixtures: cache, capfd, capfdbinary, caplog, capsys, capsysbinary, doctest_namespace, extra, extras, include_metadata_in_junit_xml, log_test_start, metadata, monkeypatch, pytestconfig, record_property, record_testsuite_property, record_xml_attribute, recwarn, testrun_uid, tmp_path, tmp_path_factory, tmpdir, tmpdir_factory, worker_id
&gt;       use 'pytest --fixtures [testpath]' for help on them.

/app/tests/api/test_authentication.py:132</error></testcase><testcase classname="tests.api.test_authentication.TestAuthenticationValidation" name="test_wrong_login_for_api_key" time="0.001"><error message="failed on setup with &quot;file /app/tests/api/test_authentication.py, line 162&#10;      def test_wrong_login_for_api_key(&#10;E       fixture 'api_client' not found&#10;&gt;       available fixtures: cache, capfd, capfdbinary, caplog, capsys, capsysbinary, doctest_namespace, extra, extras, include_metadata_in_junit_xml, log_test_start, metadata, monkeypatch, pytestconfig, record_property, record_testsuite_property, record_xml_attribute, recwarn, testrun_uid, tmp_path, tmp_path_factory, tmpdir, tmpdir_factory, worker_id&#10;&gt;       use 'pytest --fixtures [testpath]' for help on them.&#10;&#10;/app/tests/api/test_authentication.py:162&quot;">file /app/tests/api/test_authentication.py, line 162
      def test_wrong_login_for_api_key(
E       fixture 'api_client' not found
&gt;       available fixtures: cache, capfd, capfdbinary, caplog, capsys, capsysbinary, doctest_namespace, extra, extras, include_metadata_in_junit_xml, log_test_start, metadata, monkeypatch, pytestconfig, record_property, record_testsuite_property, record_xml_attribute, recwarn, testrun_uid, tmp_path, tmp_path_factory, tmpdir, tmpdir_factory, worker_id
&gt;       use 'pytest --fixtures [testpath]' for help on them.

/app/tests/api/test_authentication.py:162</error></testcase><testcase classname="tests.api.test_authentication.TestScopeBasedAuthorization" name="test_customer_scope_for_customer_endpoint" time="0.001"><error message="failed on setup with &quot;file /app/tests/api/test_authentication.py, line 202&#10;      def test_customer_scope_for_customer_endpoint(&#10;E       fixture 'api_client' not found&#10;&gt;       available fixtures: cache, capfd, capfdbinary, caplog, capsys, capsysbinary, doctest_namespace, extra, extras, include_metadata_in_junit_xml, log_test_start, metadata, monkeypatch, pytestconfig, record_property, record_testsuite_property, record_xml_attribute, recwarn, testrun_uid, tmp_path, tmp_path_factory, tmpdir, tmpdir_factory, worker_id&#10;&gt;       use 'pytest --fixtures [testpath]' for help on them.&#10;&#10;/app/tests/api/test_authentication.py:202&quot;">file /app/tests/api/test_authentication.py, line 202
      def test_customer_scope_for_customer_endpoint(
E       fixture 'api_client' not found
&gt;       available fixtures: cache, capfd, capfdbinary, caplog, capsys, capsysbinary, doctest_namespace, extra, extras, include_metadata_in_junit_xml, log_test_start, metadata, monkeypatch, pytestconfig, record_property, record_testsuite_property, record_xml_attribute, recwarn, testrun_uid, tmp_path, tmp_path_factory, tmpdir, tmpdir_factory, worker_id
&gt;       use 'pytest --fixtures [testpath]' for help on them.

/app/tests/api/test_authentication.py:202</error></testcase><testcase classname="tests.api.test_authentication.TestScopeBasedAuthorization" name="test_wrong_scope_denied" time="0.000"><skipped type="pytest.skip" message="Requires multiple scoped API keys - manual verification needed">/app/tests/api/test_authentication.py:231: Requires multiple scoped API keys - manual verification needed</skipped></testcase><testcase classname="tests.api.test_authentication.TestAPILoggingAuthentication" name="test_failed_auth_logged" time="0.000"><skipped type="pytest.skip" message="Requires database access to verify logs - manual verification needed">/app/tests/api/test_authentication.py:269: Requires database access to verify logs - manual verification needed</skipped></testcase><testcase classname="tests.api.test_authentication.TestAPILoggingAuthentication" name="test_password_masked_in_logs" time="0.000"><skipped type="pytest.skip" message="SECURITY GAP - Currently NOT masked - see api-logging-security-fixes">/app/tests/api/test_authentication.py:309: SECURITY GAP - Currently NOT masked - see api-logging-security-fixes</skipped></testcase><testcase classname="tests.api.test_authentication.TestAuthenticationEdgeCases" name="test_malformed_credentials_format" time="0.001"><error message="failed on setup with &quot;file /app/tests/api/test_authentication.py, line 342&#10;      def test_malformed_credentials_format(&#10;E       fixture 'api_client' not found&#10;&gt;       available fixtures: cache, capfd, capfdbinary, caplog, capsys, capsysbinary, doctest_namespace, extra, extras, include_metadata_in_junit_xml, log_test_start, metadata, monkeypatch, pytestconfig, record_property, record_testsuite_property, record_xml_attribute, recwarn, testrun_uid, tmp_path, tmp_path_factory, tmpdir, tmpdir_factory, worker_id&#10;&gt;       use 'pytest --fixtures [testpath]' for help on them.&#10;&#10;/app/tests/api/test_authentication.py:342&quot;">file /app/tests/api/test_authentication.py, line 342
      def test_malformed_credentials_format(
E       fixture 'api_client' not found
&gt;       available fixtures: cache, capfd, capfdbinary, caplog, capsys, capsysbinary, doctest_namespace, extra, extras, include_metadata_in_junit_xml, log_test_start, metadata, monkeypatch, pytestconfig, record_property, record_testsuite_property, record_xml_attribute, recwarn, testrun_uid, tmp_path, tmp_path_factory, tmpdir, tmpdir_factory, worker_id
&gt;       use 'pytest --fixtures [testpath]' for help on them.

/app/tests/api/test_authentication.py:342</error></testcase><testcase classname="tests.api.test_authentication.TestAuthenticationEdgeCases" name="test_null_credentials" time="0.001"><error message="failed on setup with &quot;file /app/tests/api/test_authentication.py, line 372&#10;      def test_null_credentials(&#10;E       fixture 'api_client' not found&#10;&gt;       available fixtures: cache, capfd, capfdbinary, caplog, capsys, capsysbinary, doctest_namespace, extra, extras, include_metadata_in_junit_xml, log_test_start, metadata, monkeypatch, pytestconfig, record_property, record_testsuite_property, record_xml_attribute, recwarn, testrun_uid, tmp_path, tmp_path_factory, tmpdir, tmpdir_factory, worker_id&#10;&gt;       use 'pytest --fixtures [testpath]' for help on them.&#10;&#10;/app/tests/api/test_authentication.py:372&quot;">file /app/tests/api/test_authentication.py, line 372
      def test_null_credentials(
E       fixture 'api_client' not found
&gt;       available fixtures: cache, capfd, capfdbinary, caplog, capsys, capsysbinary, doctest_namespace, extra, extras, include_metadata_in_junit_xml, log_test_start, metadata, monkeypatch, pytestconfig, record_property, record_testsuite_property, record_xml_attribute, recwarn, testrun_uid, tmp_path, tmp_path_factory, tmpdir, tmpdir_factory, worker_id
&gt;       use 'pytest --fixtures [testpath]' for help on them.

/app/tests/api/test_authentication.py:372</error></testcase><testcase classname="tests.api.test_authentication.TestAuthenticationEdgeCases" name="test_empty_params_dict" time="0.001"><error message="failed on setup with &quot;file /app/tests/api/test_authentication.py, line 396&#10;      def test_empty_params_dict(&#10;E       fixture 'api_client' not found&#10;&gt;       available fixtures: cache, capfd, capfdbinary, caplog, capsys, capsysbinary, doctest_namespace, extra, extras, include_metadata_in_junit_xml, log_test_start, metadata, monkeypatch, pytestconfig, record_property, record_testsuite_property, record_xml_attribute, recwarn, testrun_uid, tmp_path, tmp_path_factory, tmpdir, tmpdir_factory, worker_id&#10;&gt;       use 'pytest --fixtures [testpath]' for help on them.&#10;&#10;/app/tests/api/test_authentication.py:396&quot;">file /app/tests/api/test_authentication.py, line 396
      def test_empty_params_dict(
E       fixture 'api_client' not found
&gt;       available fixtures: cache, capfd, capfdbinary, caplog, capsys, capsysbinary, doctest_namespace, extra, extras, include_metadata_in_junit_xml, log_test_start, metadata, monkeypatch, pytestconfig, record_property, record_testsuite_property, record_xml_attribute, recwarn, testrun_uid, tmp_path, tmp_path_factory, tmpdir, tmpdir_factory, worker_id
&gt;       use 'pytest --fixtures [testpath]' for help on them.

/app/tests/api/test_authentication.py:396</error></testcase><testcase classname="tests.api.test_authentication.TestAuthenticationResponseFormat" name="test_failed_auth_response_format" time="0.001"><error message="failed on setup with &quot;file /app/tests/api/test_authentication.py, line 418&#10;      def test_failed_auth_response_format(&#10;E       fixture 'api_client' not found&#10;&gt;       available fixtures: cache, capfd, capfdbinary, caplog, capsys, capsysbinary, doctest_namespace, extra, extras, include_metadata_in_junit_xml, log_test_start, metadata, monkeypatch, pytestconfig, record_property, record_testsuite_property, record_xml_attribute, recwarn, testrun_uid, tmp_path, tmp_path_factory, tmpdir, tmpdir_factory, worker_id&#10;&gt;       use 'pytest --fixtures [testpath]' for help on them.&#10;&#10;/app/tests/api/test_authentication.py:418&quot;">file /app/tests/api/test_authentication.py, line 418
      def test_failed_auth_response_format(
E       fixture 'api_client' not found
&gt;       available fixtures: cache, capfd, capfdbinary, caplog, capsys, capsysbinary, doctest_namespace, extra, extras, include_metadata_in_junit_xml, log_test_start, metadata, monkeypatch, pytestconfig, record_property, record_testsuite_property, record_xml_attribute, recwarn, testrun_uid, tmp_path, tmp_path_factory, tmpdir, tmpdir_factory, worker_id
&gt;       use 'pytest --fixtures [testpath]' for help on them.

/app/tests/api/test_authentication.py:418</error></testcase><testcase classname="tests.api.test_authentication.TestAuthenticationResponseFormat" name="test_http_status_code_for_auth_failure" time="0.001"><error message="failed on setup with &quot;file /app/tests/api/test_authentication.py, line 455&#10;      def test_http_status_code_for_auth_failure(&#10;E       fixture 'api_client' not found&#10;&gt;       available fixtures: cache, capfd, capfdbinary, caplog, capsys, capsysbinary, doctest_namespace, extra, extras, include_metadata_in_junit_xml, log_test_start, metadata, monkeypatch, pytestconfig, record_property, record_testsuite_property, record_xml_attribute, recwarn, testrun_uid, tmp_path, tmp_path_factory, tmpdir, tmpdir_factory, worker_id&#10;&gt;       use 'pytest --fixtures [testpath]' for help on them.&#10;&#10;/app/tests/api/test_authentication.py:455&quot;">file /app/tests/api/test_authentication.py, line 455
      def test_http_status_code_for_auth_failure(
E       fixture 'api_client' not found
&gt;       available fixtures: cache, capfd, capfdbinary, caplog, capsys, capsysbinary, doctest_namespace, extra, extras, include_metadata_in_junit_xml, log_test_start, metadata, monkeypatch, pytestconfig, record_property, record_testsuite_property, record_xml_attribute, recwarn, testrun_uid, tmp_path, tmp_path_factory, tmpdir, tmpdir_factory, worker_id
&gt;       use 'pytest --fixtures [testpath]' for help on them.

/app/tests/api/test_authentication.py:455</error></testcase><testcase classname="tests.api.test_channel_partner_api.TestChannelPartnerCreation" name="test_create_cp_minimal_valid_data" time="0.000"><error message="failed on setup with &quot;file /app/tests/api/test_channel_partner_api.py, line 26&#10;      def test_create_cp_minimal_valid_data(&#10;E       fixture 'api_client' not found&#10;&gt;       available fixtures: cache, capfd, capfdbinary, caplog, capsys, capsysbinary, doctest_namespace, extra, extras, include_metadata_in_junit_xml, metadata, monkeypatch, pytestconfig, record_property, record_testsuite_property, record_xml_attribute, recwarn, testrun_uid, tmp_path, tmp_path_factory, tmpdir, tmpdir_factory, worker_id&#10;&gt;       use 'pytest --fixtures [testpath]' for help on them.&#10;&#10;/app/tests/api/test_channel_partner_api.py:26&quot;">file /app/tests/api/test_channel_partner_api.py, line 26
      def test_create_cp_minimal_valid_data(
E       fixture 'api_client' not found
&gt;       available fixtures: cache, capfd, capfdbinary, caplog, capsys, capsysbinary, doctest_namespace, extra, extras, include_metadata_in_junit_xml, metadata, monkeypatch, pytestconfig, record_property, record_testsuite_property, record_xml_attribute, recwarn, testrun_uid, tmp_path, tmp_path_factory, tmpdir, tmpdir_factory, worker_id
&gt;       use 'pytest --fixtures [testpath]' for help on them.

/app/tests/api/test_channel_partner_api.py:26</error></testcase><testcase classname="tests.api.test_channel_partner_api.TestChannelPartnerCreation" name="test_create_cp_complete_valid_data" time="0.000"><error message="failed on setup with &quot;file /app/tests/api/test_channel_partner_api.py, line 71&#10;      def test_create_cp_complete_valid_data(&#10;E       fixture 'api_client' not found&#10;&gt;       available fixtures: cache, capfd, capfdbinary, caplog, capsys, capsysbinary, doctest_namespace, extra, extras, include_metadata_in_junit_xml, metadata, monkeypatch, pytestconfig, record_property, record_testsuite_property, record_xml_attribute, recwarn, testrun_uid, tmp_path, tmp_path_factory, tmpdir, tmpdir_factory, worker_id&#10;&gt;       use 'pytest --fixtures [testpath]' for help on them.&#10;&#10;/app/tests/api/test_channel_partner_api.py:71&quot;">file /app/tests/api/test_channel_partner_api.py, line 71
      def test_create_cp_complete_valid_data(
E       fixture 'api_client' not found
&gt;       available fixtures: cache, capfd, capfdbinary, caplog, capsys, capsysbinary, doctest_namespace, extra, extras, include_metadata_in_junit_xml, metadata, monkeypatch, pytestconfig, record_property, record_testsuite_property, record_xml_attribute, recwarn, testrun_uid, tmp_path, tmp_path_factory, tmpdir, tmpdir_factory, worker_id
&gt;       use 'pytest --fixtures [testpath]' for help on them.

/app/tests/api/test_channel_partner_api.py:71</error></testcase><testcase classname="tests.api.test_channel_partner_api.TestChannelPartnerRequiredFieldValidation" name="test_create_cp_missing_name" time="0.000"><error message="failed on setup with &quot;file /app/tests/api/test_channel_partner_api.py, line 110&#10;      def test_create_cp_missing_name(&#10;E       fixture 'api_client' not found&#10;&gt;       available fixtures: cache, capfd, capfdbinary, caplog, capsys, capsysbinary, doctest_namespace, extra, extras, include_metadata_in_junit_xml, metadata, monkeypatch, pytestconfig, record_property, record_testsuite_property, record_xml_attribute, recwarn, testrun_uid, tmp_path, tmp_path_factory, tmpdir, tmpdir_factory, worker_id&#10;&gt;       use 'pytest --fixtures [testpath]' for help on them.&#10;&#10;/app/tests/api/test_channel_partner_api.py:110&quot;">file /app/tests/api/test_channel_partner_api.py, line 110
      def test_create_cp_missing_name(
E       fixture 'api_client' not found
&gt;       available fixtures: cache, capfd, capfdbinary, caplog, capsys, capsysbinary, doctest_namespace, extra, extras, include_metadata_in_junit_xml, metadata, monkeypatch, pytestconfig, record_property, record_testsuite_property, record_xml_attribute, recwarn, testrun_uid, tmp_path, tmp_path_factory, tmpdir, tmpdir_factory, worker_id
&gt;       use 'pytest --fixtures [testpath]' for help on them.

/app/tests/api/test_channel_partner_api.py:110</error></testcase><testcase classname="tests.api.test_channel_partner_api.TestChannelPartnerRequiredFieldValidation" name="test_create_cp_missing_mobile" time="0.000"><error message="failed on setup with &quot;file /app/tests/api/test_channel_partner_api.py, line 146&#10;      def test_create_cp_missing_mobile(&#10;E       fixture 'api_client' not found&#10;&gt;       available fixtures: cache, capfd, capfdbinary, caplog, capsys, capsysbinary, doctest_namespace, extra, extras, include_metadata_in_junit_xml, metadata, monkeypatch, pytestconfig, record_property, record_testsuite_property, record_xml_attribute, recwarn, testrun_uid, tmp_path, tmp_path_factory, tmpdir, tmpdir_factory, worker_id&#10;&gt;       use 'pytest --fixtures [testpath]' for help on them.&#10;&#10;/app/tests/api/test_channel_partner_api.py:146&quot;">file /app/tests/api/test_channel_partner_api.py, line 146
      def test_create_cp_missing_mobile(
E       fixture 'api_client' not found
&gt;       available fixtures: cache, capfd, capfdbinary, caplog, capsys, capsysbinary, doctest_namespace, extra, extras, include_metadata_in_junit_xml, metadata, monkeypatch, pytestconfig, record_property, record_testsuite_property, record_xml_attribute, recwarn, testrun_uid, tmp_path, tmp_path_factory, tmpdir, tmpdir_factory, worker_id
&gt;       use 'pytest --fixtures [testpath]' for help on them.

/app/tests/api/test_channel_partner_api.py:146</error></testcase><testcase classname="tests.api.test_channel_partner_api.TestChannelPartnerRequiredFieldValidation" name="test_create_cp_missing_state_code" time="0.000"><error message="failed on setup with &quot;file /app/tests/api/test_channel_partner_api.py, line 180&#10;      def test_create_cp_missing_state_code(&#10;E       fixture 'api_client' not found&#10;&gt;       available fixtures: cache, capfd, capfdbinary, caplog, capsys, capsysbinary, doctest_namespace, extra, extras, include_metadata_in_junit_xml, metadata, monkeypatch, pytestconfig, record_property, record_testsuite_property, record_xml_attribute, recwarn, testrun_uid, tmp_path, tmp_path_factory, tmpdir, tmpdir_factory, worker_id&#10;&gt;       use 'pytest --fixtures [testpath]' for help on them.&#10;&#10;/app/tests/api/test_channel_partner_api.py:180&quot;">file /app/tests/api/test_channel_partner_api.py, line 180
      def test_create_cp_missing_state_code(
E       fixture 'api_client' not found
&gt;       available fixtures: cache, capfd, capfdbinary, caplog, capsys, capsysbinary, doctest_namespace, extra, extras, include_metadata_in_junit_xml, metadata, monkeypatch, pytestconfig, record_property, record_testsuite_property, record_xml_attribute, recwarn, testrun_uid, tmp_path, tmp_path_factory, tmpdir, tmpdir_factory, worker_id
&gt;       use 'pytest --fixtures [testpath]' for help on them.

/app/tests/api/test_channel_partner_api.py:180</error></testcase><testcase classname="tests.api.test_channel_partner_api.TestChannelPartnerRequiredFieldValidation" name="test_create_cp_missing_country_code" time="0.000"><error message="failed on setup with &quot;file /app/tests/api/test_channel_partner_api.py, line 214&#10;      def test_create_cp_missing_country_code(&#10;E       fixture 'api_client' not found&#10;&gt;       available fixtures: cache, capfd, capfdbinary, caplog, capsys, capsysbinary, doctest_namespace, extra, extras, include_metadata_in_junit_xml, metadata, monkeypatch, pytestconfig, record_property, record_testsuite_property, record_xml_attribute, recwarn, testrun_uid, tmp_path, tmp_path_factory, tmpdir, tmpdir_factory, worker_id&#10;&gt;       use 'pytest --fixtures [testpath]' for help on them.&#10;&#10;/app/tests/api/test_channel_partner_api.py:214&quot;">file /app/tests/api/test_channel_partner_api.py, line 214
      def test_create_cp_missing_country_code(
E       fixture 'api_client' not found
&gt;       available fixtures: cache, capfd, capfdbinary, caplog, capsys, capsysbinary, doctest_namespace, extra, extras, include_metadata_in_junit_xml, metadata, monkeypatch, pytestconfig, record_property, record_testsuite_property, record_xml_attribute, recwarn, testrun_uid, tmp_path, tmp_path_factory, tmpdir, tmpdir_factory, worker_id
&gt;       use 'pytest --fixtures [testpath]' for help on them.

/app/tests/api/test_channel_partner_api.py:214</error></testcase><testcase classname="tests.api.test_channel_partner_api.TestChannelPartnerDataValidation" name="test_create_cp_invalid_email_format" time="0.001"><error message="failed on setup with &quot;file /app/tests/api/test_channel_partner_api.py, line 252&#10;      def test_create_cp_invalid_email_format(&#10;E       fixture 'api_client' not found&#10;&gt;       available fixtures: cache, capfd, capfdbinary, caplog, capsys, capsysbinary, doctest_namespace, extra, extras, include_metadata_in_junit_xml, metadata, monkeypatch, pytestconfig, record_property, record_testsuite_property, record_xml_attribute, recwarn, testrun_uid, tmp_path, tmp_path_factory, tmpdir, tmpdir_factory, worker_id&#10;&gt;       use 'pytest --fixtures [testpath]' for help on them.&#10;&#10;/app/tests/api/test_channel_partner_api.py:252&quot;">file /app/tests/api/test_channel_partner_api.py, line 252
      def test_create_cp_invalid_email_format(
E       fixture 'api_client' not found
&gt;       available fixtures: cache, capfd, capfdbinary, caplog, capsys, capsysbinary, doctest_namespace, extra, extras, include_metadata_in_junit_xml, metadata, monkeypatch, pytestconfig, record_property, record_testsuite_property, record_xml_attribute, recwarn, testrun_uid, tmp_path, tmp_path_factory, tmpdir, tmpdir_factory, worker_id
&gt;       use 'pytest --fixtures [testpath]' for help on them.

/app/tests/api/test_channel_partner_api.py:252</error></testcase><testcase classname="tests.api.test_channel_partner_api.TestChannelPartnerDataValidation" name="test_create_cp_valid_email_format" time="0.000"><error message="failed on setup with &quot;file /app/tests/api/test_channel_partner_api.py, line 284&#10;      def test_create_cp_valid_email_format(&#10;E       fixture 'api_client' not found&#10;&gt;       available fixtures: cache, capfd, capfdbinary, caplog, capsys, capsysbinary, doctest_namespace, extra, extras, include_metadata_in_junit_xml, metadata, monkeypatch, pytestconfig, record_property, record_testsuite_property, record_xml_attribute, recwarn, testrun_uid, tmp_path, tmp_path_factory, tmpdir, tmpdir_factory, worker_id&#10;&gt;       use 'pytest --fixtures [testpath]' for help on them.&#10;&#10;/app/tests/api/test_channel_partner_api.py:284&quot;">file /app/tests/api/test_channel_partner_api.py, line 284
      def test_create_cp_valid_email_format(
E       fixture 'api_client' not found
&gt;       available fixtures: cache, capfd, capfdbinary, caplog, capsys, capsysbinary, doctest_namespace, extra, extras, include_metadata_in_junit_xml, metadata, monkeypatch, pytestconfig, record_property, record_testsuite_property, record_xml_attribute, recwarn, testrun_uid, tmp_path, tmp_path_factory, tmpdir, tmpdir_factory, worker_id
&gt;       use 'pytest --fixtures [testpath]' for help on them.

/app/tests/api/test_channel_partner_api.py:284</error></testcase><testcase classname="tests.api.test_channel_partner_api.TestChannelPartnerDataValidation" name="test_create_cp_with_rera_number" time="0.000"><error message="failed on setup with &quot;file /app/tests/api/test_channel_partner_api.py, line 316&#10;      def test_create_cp_with_rera_number(&#10;E       fixture 'api_client' not found&#10;&gt;       available fixtures: cache, capfd, capfdbinary, caplog, capsys, capsysbinary, doctest_namespace, extra, extras, include_metadata_in_junit_xml, metadata, monkeypatch, pytestconfig, record_property, record_testsuite_property, record_xml_attribute, recwarn, testrun_uid, tmp_path, tmp_path_factory, tmpdir, tmpdir_factory, worker_id&#10;&gt;       use 'pytest --fixtures [testpath]' for help on them.&#10;&#10;/app/tests/api/test_channel_partner_api.py:316&quot;">file /app/tests/api/test_channel_partner_api.py, line 316
      def test_create_cp_with_rera_number(
E       fixture 'api_client' not found
&gt;       available fixtures: cache, capfd, capfdbinary, caplog, capsys, capsysbinary, doctest_namespace, extra, extras, include_metadata_in_junit_xml, metadata, monkeypatch, pytestconfig, record_property, record_testsuite_property, record_xml_attribute, recwarn, testrun_uid, tmp_path, tmp_path_factory, tmpdir, tmpdir_factory, worker_id
&gt;       use 'pytest --fixtures [testpath]' for help on them.

/app/tests/api/test_channel_partner_api.py:316</error></testcase><testcase classname="tests.api.test_channel_partner_api.TestChannelPartnerDataValidation" name="test_create_cp_with_gstin" time="0.001"><error message="failed on setup with &quot;file /app/tests/api/test_channel_partner_api.py, line 350&#10;      def test_create_cp_with_gstin(&#10;E       fixture 'api_client' not found&#10;&gt;       available fixtures: cache, capfd, capfdbinary, caplog, capsys, capsysbinary, doctest_namespace, extra, extras, include_metadata_in_junit_xml, metadata, monkeypatch, pytestconfig, record_property, record_testsuite_property, record_xml_attribute, recwarn, testrun_uid, tmp_path, tmp_path_factory, tmpdir, tmpdir_factory, worker_id&#10;&gt;       use 'pytest --fixtures [testpath]' for help on them.&#10;&#10;/app/tests/api/test_channel_partner_api.py:350&quot;">file /app/tests/api/test_channel_partner_api.py, line 350
      def test_create_cp_with_gstin(
E       fixture 'api_client' not found
&gt;       available fixtures: cache, capfd, capfdbinary, caplog, capsys, capsysbinary, doctest_namespace, extra, extras, include_metadata_in_junit_xml, metadata, monkeypatch, pytestconfig, record_property, record_testsuite_property, record_xml_attribute, recwarn, testrun_uid, tmp_path, tmp_path_factory, tmpdir, tmpdir_factory, worker_id
&gt;       use 'pytest --fixtures [testpath]' for help on them.

/app/tests/api/test_channel_partner_api.py:350</error></testcase><testcase classname="tests.api.test_channel_partner_api.TestChannelPartnerDataValidation" name="test_create_cp_with_pan" time="0.000"><error message="failed on setup with &quot;file /app/tests/api/test_channel_partner_api.py, line 382&#10;      def test_create_cp_with_pan(&#10;E       fixture 'api_client' not found&#10;&gt;       available fixtures: cache, capfd, capfdbinary, caplog, capsys, capsysbinary, doctest_namespace, extra, extras, include_metadata_in_junit_xml, metadata, monkeypatch, pytestconfig, record_property, record_testsuite_property, record_xml_attribute, recwarn, testrun_uid, tmp_path, tmp_path_factory, tmpdir, tmpdir_factory, worker_id&#10;&gt;       use 'pytest --fixtures [testpath]' for help on them.&#10;&#10;/app/tests/api/test_channel_partner_api.py:382&quot;">file /app/tests/api/test_channel_partner_api.py, line 382
      def test_create_cp_with_pan(
E       fixture 'api_client' not found
&gt;       available fixtures: cache, capfd, capfdbinary, caplog, capsys, capsysbinary, doctest_namespace, extra, extras, include_metadata_in_junit_xml, metadata, monkeypatch, pytestconfig, record_property, record_testsuite_property, record_xml_attribute, recwarn, testrun_uid, tmp_path, tmp_path_factory, tmpdir, tmpdir_factory, worker_id
&gt;       use 'pytest --fixtures [testpath]' for help on them.

/app/tests/api/test_channel_partner_api.py:382</error></testcase><testcase classname="tests.api.test_channel_partner_api.TestChannelPartnerDataValidation" name="test_create_cp_invalid_mobile_format" time="0.000"><error message="failed on setup with &quot;file /app/tests/api/test_channel_partner_api.py, line 414&#10;      def test_create_cp_invalid_mobile_format(&#10;E       fixture 'api_client' not found&#10;&gt;       available fixtures: cache, capfd, capfdbinary, caplog, capsys, capsysbinary, doctest_namespace, extra, extras, include_metadata_in_junit_xml, metadata, monkeypatch, pytestconfig, record_property, record_testsuite_property, record_xml_attribute, recwarn, testrun_uid, tmp_path, tmp_path_factory, tmpdir, tmpdir_factory, worker_id&#10;&gt;       use 'pytest --fixtures [testpath]' for help on them.&#10;&#10;/app/tests/api/test_channel_partner_api.py:414&quot;">file /app/tests/api/test_channel_partner_api.py, line 414
      def test_create_cp_invalid_mobile_format(
E       fixture 'api_client' not found
&gt;       available fixtures: cache, capfd, capfdbinary, caplog, capsys, capsysbinary, doctest_namespace, extra, extras, include_metadata_in_junit_xml, metadata, monkeypatch, pytestconfig, record_property, record_testsuite_property, record_xml_attribute, recwarn, testrun_uid, tmp_path, tmp_path_factory, tmpdir, tmpdir_factory, worker_id
&gt;       use 'pytest --fixtures [testpath]' for help on them.

/app/tests/api/test_channel_partner_api.py:414</error></testcase><testcase classname="tests.api.test_channel_partner_api.TestChannelPartnerUpdateOperations" name="test_update_existing_cp" time="0.000"><error message="failed on setup with &quot;file /app/tests/api/test_channel_partner_api.py, line 450&#10;      def test_update_existing_cp(&#10;E       fixture 'api_client' not found&#10;&gt;       available fixtures: cache, capfd, capfdbinary, caplog, capsys, capsysbinary, doctest_namespace, extra, extras, include_metadata_in_junit_xml, metadata, monkeypatch, pytestconfig, record_property, record_testsuite_property, record_xml_attribute, recwarn, testrun_uid, tmp_path, tmp_path_factory, tmpdir, tmpdir_factory, worker_id&#10;&gt;       use 'pytest --fixtures [testpath]' for help on them.&#10;&#10;/app/tests/api/test_channel_partner_api.py:450&quot;">file /app/tests/api/test_channel_partner_api.py, line 450
      def test_update_existing_cp(
E       fixture 'api_client' not found
&gt;       available fixtures: cache, capfd, capfdbinary, caplog, capsys, capsysbinary, doctest_namespace, extra, extras, include_metadata_in_junit_xml, metadata, monkeypatch, pytestconfig, record_property, record_testsuite_property, record_xml_attribute, recwarn, testrun_uid, tmp_path, tmp_path_factory, tmpdir, tmpdir_factory, worker_id
&gt;       use 'pytest --fixtures [testpath]' for help on them.

/app/tests/api/test_channel_partner_api.py:450</error></testcase><testcase classname="tests.api.test_channel_partner_api.TestChannelPartnerUpdateOperations" name="test_update_with_invalid_cp_id" time="0.000"><error message="failed on setup with &quot;file /app/tests/api/test_channel_partner_api.py, line 489&#10;      def test_update_with_invalid_cp_id(&#10;E       fixture 'api_client' not found&#10;&gt;       available fixtures: cache, capfd, capfdbinary, caplog, capsys, capsysbinary, doctest_namespace, extra, extras, include_metadata_in_junit_xml, metadata, monkeypatch, pytestconfig, record_property, record_testsuite_property, record_xml_attribute, recwarn, testrun_uid, tmp_path, tmp_path_factory, tmpdir, tmpdir_factory, worker_id&#10;&gt;       use 'pytest --fixtures [testpath]' for help on them.&#10;&#10;/app/tests/api/test_channel_partner_api.py:489&quot;">file /app/tests/api/test_channel_partner_api.py, line 489
      def test_update_with_invalid_cp_id(
E       fixture 'api_client' not found
&gt;       available fixtures: cache, capfd, capfdbinary, caplog, capsys, capsysbinary, doctest_namespace, extra, extras, include_metadata_in_junit_xml, metadata, monkeypatch, pytestconfig, record_property, record_testsuite_property, record_xml_attribute, recwarn, testrun_uid, tmp_path, tmp_path_factory, tmpdir, tmpdir_factory, worker_id
&gt;       use 'pytest --fixtures [testpath]' for help on them.

/app/tests/api/test_channel_partner_api.py:489</error></testcase><testcase classname="tests.api.test_channel_partner_api.TestChannelPartnerDuplicatePrevention" name="test_duplicate_cp_id_performs_update" time="0.000"><error message="failed on setup with &quot;file /app/tests/api/test_channel_partner_api.py, line 525&#10;      def test_duplicate_cp_id_performs_update(&#10;E       fixture 'api_client' not found&#10;&gt;       available fixtures: cache, capfd, capfdbinary, caplog, capsys, capsysbinary, doctest_namespace, extra, extras, include_metadata_in_junit_xml, metadata, monkeypatch, pytestconfig, record_property, record_testsuite_property, record_xml_attribute, recwarn, testrun_uid, tmp_path, tmp_path_factory, tmpdir, tmpdir_factory, worker_id&#10;&gt;       use 'pytest --fixtures [testpath]' for help on them.&#10;&#10;/app/tests/api/test_channel_partner_api.py:525&quot;">file /app/tests/api/test_channel_partner_api.py, line 525
      def test_duplicate_cp_id_performs_update(
E       fixture 'api_client' not found
&gt;       available fixtures: cache, capfd, capfdbinary, caplog, capsys, capsysbinary, doctest_namespace, extra, extras, include_metadata_in_junit_xml, metadata, monkeypatch, pytestconfig, record_property, record_testsuite_property, record_xml_attribute, recwarn, testrun_uid, tmp_path, tmp_path_factory, tmpdir, tmpdir_factory, worker_id
&gt;       use 'pytest --fixtures [testpath]' for help on them.

/app/tests/api/test_channel_partner_api.py:525</error></testcase><testcase classname="tests.api.test_channel_partner_api.TestChannelPartnerBusinessFields" name="test_create_cp_with_owner_name" time="0.000"><error message="failed on setup with &quot;file /app/tests/api/test_channel_partner_api.py, line 584&#10;      def test_create_cp_with_owner_name(&#10;E       fixture 'api_client' not found&#10;&gt;       available fixtures: cache, capfd, capfdbinary, caplog, capsys, capsysbinary, doctest_namespace, extra, extras, include_metadata_in_junit_xml, metadata, monkeypatch, pytestconfig, record_property, record_testsuite_property, record_xml_attribute, recwarn, testrun_uid, tmp_path, tmp_path_factory, tmpdir, tmpdir_factory, worker_id&#10;&gt;       use 'pytest --fixtures [testpath]' for help on them.&#10;&#10;/app/tests/api/test_channel_partner_api.py:584&quot;">file /app/tests/api/test_channel_partner_api.py, line 584
      def test_create_cp_with_owner_name(
E       fixture 'api_client' not found
&gt;       available fixtures: cache, capfd, capfdbinary, caplog, capsys, capsysbinary, doctest_namespace, extra, extras, include_metadata_in_junit_xml, metadata, monkeypatch, pytestconfig, record_property, record_testsuite_property, record_xml_attribute, recwarn, testrun_uid, tmp_path, tmp_path_factory, tmpdir, tmpdir_factory, worker_id
&gt;       use 'pytest --fixtures [testpath]' for help on them.

/app/tests/api/test_channel_partner_api.py:584</error></testcase><testcase classname="tests.api.test_channel_partner_api.TestChannelPartnerBusinessFields" name="test_create_cp_with_banking_details" time="0.000"><error message="failed on setup with &quot;file /app/tests/api/test_channel_partner_api.py, line 616&#10;      def test_create_cp_with_banking_details(&#10;E       fixture 'api_client' not found&#10;&gt;       available fixtures: cache, capfd, capfdbinary, caplog, capsys, capsysbinary, doctest_namespace, extra, extras, include_metadata_in_junit_xml, metadata, monkeypatch, pytestconfig, record_property, record_testsuite_property, record_xml_attribute, recwarn, testrun_uid, tmp_path, tmp_path_factory, tmpdir, tmpdir_factory, worker_id&#10;&gt;       use 'pytest --fixtures [testpath]' for help on them.&#10;&#10;/app/tests/api/test_channel_partner_api.py:616&quot;">file /app/tests/api/test_channel_partner_api.py, line 616
      def test_create_cp_with_banking_details(
E       fixture 'api_client' not found
&gt;       available fixtures: cache, capfd, capfdbinary, caplog, capsys, capsysbinary, doctest_namespace, extra, extras, include_metadata_in_junit_xml, metadata, monkeypatch, pytestconfig, record_property, record_testsuite_property, record_xml_attribute, recwarn, testrun_uid, tmp_path, tmp_path_factory, tmpdir, tmpdir_factory, worker_id
&gt;       use 'pytest --fixtures [testpath]' for help on them.

/app/tests/api/test_channel_partner_api.py:616</error></testcase><testcase classname="tests.api.test_channel_partner_api.TestChannelPartnerResponseFormat" name="test_success_response_format" time="0.001"><error message="failed on setup with &quot;file /app/tests/api/test_channel_partner_api.py, line 654&#10;      def test_success_response_format(&#10;E       fixture 'api_client' not found&#10;&gt;       available fixtures: cache, capfd, capfdbinary, caplog, capsys, capsysbinary, doctest_namespace, extra, extras, include_metadata_in_junit_xml, metadata, monkeypatch, pytestconfig, record_property, record_testsuite_property, record_xml_attribute, recwarn, testrun_uid, tmp_path, tmp_path_factory, tmpdir, tmpdir_factory, worker_id&#10;&gt;       use 'pytest --fixtures [testpath]' for help on them.&#10;&#10;/app/tests/api/test_channel_partner_api.py:654&quot;">file /app/tests/api/test_channel_partner_api.py, line 654
      def test_success_response_format(
E       fixture 'api_client' not found
&gt;       available fixtures: cache, capfd, capfdbinary, caplog, capsys, capsysbinary, doctest_namespace, extra, extras, include_metadata_in_junit_xml, metadata, monkeypatch, pytestconfig, record_property, record_testsuite_property, record_xml_attribute, recwarn, testrun_uid, tmp_path, tmp_path_factory, tmpdir, tmpdir_factory, worker_id
&gt;       use 'pytest --fixtures [testpath]' for help on them.

/app/tests/api/test_channel_partner_api.py:654</error></testcase><testcase classname="tests.api.test_channel_partner_api.TestChannelPartnerResponseFormat" name="test_error_response_format" time="0.000"><error message="failed on setup with &quot;file /app/tests/api/test_channel_partner_api.py, line 692&#10;      def test_error_response_format(&#10;E       fixture 'api_client' not found&#10;&gt;       available fixtures: cache, capfd, capfdbinary, caplog, capsys, capsysbinary, doctest_namespace, extra, extras, include_metadata_in_junit_xml, metadata, monkeypatch, pytestconfig, record_property, record_testsuite_property, record_xml_attribute, recwarn, testrun_uid, tmp_path, tmp_path_factory, tmpdir, tmpdir_factory, worker_id&#10;&gt;       use 'pytest --fixtures [testpath]' for help on them.&#10;&#10;/app/tests/api/test_channel_partner_api.py:692&quot;">file /app/tests/api/test_channel_partner_api.py, line 692
      def test_error_response_format(
E       fixture 'api_client' not found
&gt;       available fixtures: cache, capfd, capfdbinary, caplog, capsys, capsysbinary, doctest_namespace, extra, extras, include_metadata_in_junit_xml, metadata, monkeypatch, pytestconfig, record_property, record_testsuite_property, record_xml_attribute, recwarn, testrun_uid, tmp_path, tmp_path_factory, tmpdir, tmpdir_factory, worker_id
&gt;       use 'pytest --fixtures [testpath]' for help on them.

/app/tests/api/test_channel_partner_api.py:692</error></testcase><testcase classname="tests.api.test_channel_partner_api.TestChannelPartnerAuthenticationRequirement" name="test_cp_api_requires_authentication" time="0.001"><error message="failed on setup with &quot;file /app/tests/api/test_channel_partner_api.py, line 733&#10;      def test_cp_api_requires_authentication(&#10;E       fixture 'api_client' not found&#10;&gt;       available fixtures: cache, capfd, capfdbinary, caplog, capsys, capsysbinary, doctest_namespace, extra, extras, include_metadata_in_junit_xml, metadata, monkeypatch, pytestconfig, record_property, record_testsuite_property, record_xml_attribute, recwarn, testrun_uid, tmp_path, tmp_path_factory, tmpdir, tmpdir_factory, worker_id&#10;&gt;       use 'pytest --fixtures [testpath]' for help on them.&#10;&#10;/app/tests/api/test_channel_partner_api.py:733&quot;">file /app/tests/api/test_channel_partner_api.py, line 733
      def test_cp_api_requires_authentication(
E       fixture 'api_client' not found
&gt;       available fixtures: cache, capfd, capfdbinary, caplog, capsys, capsysbinary, doctest_namespace, extra, extras, include_metadata_in_junit_xml, metadata, monkeypatch, pytestconfig, record_property, record_testsuite_property, record_xml_attribute, recwarn, testrun_uid, tmp_path, tmp_path_factory, tmpdir, tmpdir_factory, worker_id
&gt;       use 'pytest --fixtures [testpath]' for help on them.

/app/tests/api/test_channel_partner_api.py:733</error></testcase><testcase classname="tests.api.test_channel_partner_api.TestChannelPartnerAuthenticationRequirement" name="test_cp_api_requires_correct_scope" time="0.000"><error message="failed on setup with &quot;file /app/tests/api/test_channel_partner_api.py, line 763&#10;      def test_cp_api_requires_correct_scope(&#10;E       fixture 'api_client' not found&#10;&gt;       available fixtures: cache, capfd, capfdbinary, caplog, capsys, capsysbinary, doctest_namespace, extra, extras, include_metadata_in_junit_xml, metadata, monkeypatch, pytestconfig, record_property, record_testsuite_property, record_xml_attribute, recwarn, testrun_uid, tmp_path, tmp_path_factory, tmpdir, tmpdir_factory, worker_id&#10;&gt;       use 'pytest --fixtures [testpath]' for help on them.&#10;&#10;/app/tests/api/test_channel_partner_api.py:763&quot;">file /app/tests/api/test_channel_partner_api.py, line 763
      def test_cp_api_requires_correct_scope(
E       fixture 'api_client' not found
&gt;       available fixtures: cache, capfd, capfdbinary, caplog, capsys, capsysbinary, doctest_namespace, extra, extras, include_metadata_in_junit_xml, metadata, monkeypatch, pytestconfig, record_property, record_testsuite_property, record_xml_attribute, recwarn, testrun_uid, tmp_path, tmp_path_factory, tmpdir, tmpdir_factory, worker_id
&gt;       use 'pytest --fixtures [testpath]' for help on them.

/app/tests/api/test_channel_partner_api.py:763</error></testcase><testcase classname="tests.api.test_customer_api.TestCustomerCreation" name="test_create_customer_minimal_valid_data" time="0.001"><error message="failed on setup with &quot;file /app/tests/api/test_customer_api.py, line 26&#10;      def test_create_customer_minimal_valid_data(&#10;E       fixture 'api_client' not found&#10;&gt;       available fixtures: cache, capfd, capfdbinary, caplog, capsys, capsysbinary, doctest_namespace, extra, extras, include_metadata_in_junit_xml, metadata, monkeypatch, pytestconfig, record_property, record_testsuite_property, record_xml_attribute, recwarn, testrun_uid, tmp_path, tmp_path_factory, tmpdir, tmpdir_factory, worker_id&#10;&gt;       use 'pytest --fixtures [testpath]' for help on them.&#10;&#10;/app/tests/api/test_customer_api.py:26&quot;">file /app/tests/api/test_customer_api.py, line 26
      def test_create_customer_minimal_valid_data(
E       fixture 'api_client' not found
&gt;       available fixtures: cache, capfd, capfdbinary, caplog, capsys, capsysbinary, doctest_namespace, extra, extras, include_metadata_in_junit_xml, metadata, monkeypatch, pytestconfig, record_property, record_testsuite_property, record_xml_attribute, recwarn, testrun_uid, tmp_path, tmp_path_factory, tmpdir, tmpdir_factory, worker_id
&gt;       use 'pytest --fixtures [testpath]' for help on them.

/app/tests/api/test_customer_api.py:26</error></testcase><testcase classname="tests.api.test_customer_api.TestCustomerCreation" name="test_create_customer_complete_valid_data" time="0.000"><error message="failed on setup with &quot;file /app/tests/api/test_customer_api.py, line 72&#10;      def test_create_customer_complete_valid_data(&#10;E       fixture 'api_client' not found&#10;&gt;       available fixtures: cache, capfd, capfdbinary, caplog, capsys, capsysbinary, doctest_namespace, extra, extras, include_metadata_in_junit_xml, metadata, monkeypatch, pytestconfig, record_property, record_testsuite_property, record_xml_attribute, recwarn, testrun_uid, tmp_path, tmp_path_factory, tmpdir, tmpdir_factory, worker_id&#10;&gt;       use 'pytest --fixtures [testpath]' for help on them.&#10;&#10;/app/tests/api/test_customer_api.py:72&quot;">file /app/tests/api/test_customer_api.py, line 72
      def test_create_customer_complete_valid_data(
E       fixture 'api_client' not found
&gt;       available fixtures: cache, capfd, capfdbinary, caplog, capsys, capsysbinary, doctest_namespace, extra, extras, include_metadata_in_junit_xml, metadata, monkeypatch, pytestconfig, record_property, record_testsuite_property, record_xml_attribute, recwarn, testrun_uid, tmp_path, tmp_path_factory, tmpdir, tmpdir_factory, worker_id
&gt;       use 'pytest --fixtures [testpath]' for help on them.

/app/tests/api/test_customer_api.py:72</error></testcase><testcase classname="tests.api.test_customer_api.TestCustomerRequiredFieldValidation" name="test_create_customer_missing_name" time="0.000"><error message="failed on setup with &quot;file /app/tests/api/test_customer_api.py, line 111&#10;      def test_create_customer_missing_name(&#10;E       fixture 'api_client' not found&#10;&gt;       available fixtures: cache, capfd, capfdbinary, caplog, capsys, capsysbinary, doctest_namespace, extra, extras, include_metadata_in_junit_xml, metadata, monkeypatch, pytestconfig, record_property, record_testsuite_property, record_xml_attribute, recwarn, testrun_uid, tmp_path, tmp_path_factory, tmpdir, tmpdir_factory, worker_id&#10;&gt;       use 'pytest --fixtures [testpath]' for help on them.&#10;&#10;/app/tests/api/test_customer_api.py:111&quot;">file /app/tests/api/test_customer_api.py, line 111
      def test_create_customer_missing_name(
E       fixture 'api_client' not found
&gt;       available fixtures: cache, capfd, capfdbinary, caplog, capsys, capsysbinary, doctest_namespace, extra, extras, include_metadata_in_junit_xml, metadata, monkeypatch, pytestconfig, record_property, record_testsuite_property, record_xml_attribute, recwarn, testrun_uid, tmp_path, tmp_path_factory, tmpdir, tmpdir_factory, worker_id
&gt;       use 'pytest --fixtures [testpath]' for help on them.

/app/tests/api/test_customer_api.py:111</error></testcase><testcase classname="tests.api.test_customer_api.TestCustomerRequiredFieldValidation" name="test_create_customer_missing_state_code" time="0.001"><error message="failed on setup with &quot;file /app/tests/api/test_customer_api.py, line 153&#10;      def test_create_customer_missing_state_code(&#10;E       fixture 'api_client' not found&#10;&gt;       available fixtures: cache, capfd, capfdbinary, caplog, capsys, capsysbinary, doctest_namespace, extra, extras, include_metadata_in_junit_xml, metadata, monkeypatch, pytestconfig, record_property, record_testsuite_property, record_xml_attribute, recwarn, testrun_uid, tmp_path, tmp_path_factory, tmpdir, tmpdir_factory, worker_id&#10;&gt;       use 'pytest --fixtures [testpath]' for help on them.&#10;&#10;/app/tests/api/test_customer_api.py:153&quot;">file /app/tests/api/test_customer_api.py, line 153
      def test_create_customer_missing_state_code(
E       fixture 'api_client' not found
&gt;       available fixtures: cache, capfd, capfdbinary, caplog, capsys, capsysbinary, doctest_namespace, extra, extras, include_metadata_in_junit_xml, metadata, monkeypatch, pytestconfig, record_property, record_testsuite_property, record_xml_attribute, recwarn, testrun_uid, tmp_path, tmp_path_factory, tmpdir, tmpdir_factory, worker_id
&gt;       use 'pytest --fixtures [testpath]' for help on them.

/app/tests/api/test_customer_api.py:153</error></testcase><testcase classname="tests.api.test_customer_api.TestCustomerRequiredFieldValidation" name="test_create_customer_missing_country_code" time="0.000"><error message="failed on setup with &quot;file /app/tests/api/test_customer_api.py, line 187&#10;      def test_create_customer_missing_country_code(&#10;E       fixture 'api_client' not found&#10;&gt;       available fixtures: cache, capfd, capfdbinary, caplog, capsys, capsysbinary, doctest_namespace, extra, extras, include_metadata_in_junit_xml, metadata, monkeypatch, pytestconfig, record_property, record_testsuite_property, record_xml_attribute, recwarn, testrun_uid, tmp_path, tmp_path_factory, tmpdir, tmpdir_factory, worker_id&#10;&gt;       use 'pytest --fixtures [testpath]' for help on them.&#10;&#10;/app/tests/api/test_customer_api.py:187&quot;">file /app/tests/api/test_customer_api.py, line 187
      def test_create_customer_missing_country_code(
E       fixture 'api_client' not found
&gt;       available fixtures: cache, capfd, capfdbinary, caplog, capsys, capsysbinary, doctest_namespace, extra, extras, include_metadata_in_junit_xml, metadata, monkeypatch, pytestconfig, record_property, record_testsuite_property, record_xml_attribute, recwarn, testrun_uid, tmp_path, tmp_path_factory, tmpdir, tmpdir_factory, worker_id
&gt;       use 'pytest --fixtures [testpath]' for help on them.

/app/tests/api/test_customer_api.py:187</error></testcase><testcase classname="tests.api.test_customer_api.TestCustomerDataValidation" name="test_create_customer_invalid_email_format" time="0.000"><error message="failed on setup with &quot;file /app/tests/api/test_customer_api.py, line 225&#10;      def test_create_customer_invalid_email_format(&#10;E       fixture 'api_client' not found&#10;&gt;       available fixtures: cache, capfd, capfdbinary, caplog, capsys, capsysbinary, doctest_namespace, extra, extras, include_metadata_in_junit_xml, metadata, monkeypatch, pytestconfig, record_property, record_testsuite_property, record_xml_attribute, recwarn, testrun_uid, tmp_path, tmp_path_factory, tmpdir, tmpdir_factory, worker_id&#10;&gt;       use 'pytest --fixtures [testpath]' for help on them.&#10;&#10;/app/tests/api/test_customer_api.py:225&quot;">file /app/tests/api/test_customer_api.py, line 225
      def test_create_customer_invalid_email_format(
E       fixture 'api_client' not found
&gt;       available fixtures: cache, capfd, capfdbinary, caplog, capsys, capsysbinary, doctest_namespace, extra, extras, include_metadata_in_junit_xml, metadata, monkeypatch, pytestconfig, record_property, record_testsuite_property, record_xml_attribute, recwarn, testrun_uid, tmp_path, tmp_path_factory, tmpdir, tmpdir_factory, worker_id
&gt;       use 'pytest --fixtures [testpath]' for help on them.

/app/tests/api/test_customer_api.py:225</error></testcase><testcase classname="tests.api.test_customer_api.TestCustomerDataValidation" name="test_create_customer_valid_email_format" time="0.000"><error message="failed on setup with &quot;file /app/tests/api/test_customer_api.py, line 259&#10;      def test_create_customer_valid_email_format(&#10;E       fixture 'api_client' not found&#10;&gt;       available fixtures: cache, capfd, capfdbinary, caplog, capsys, capsysbinary, doctest_namespace, extra, extras, include_metadata_in_junit_xml, metadata, monkeypatch, pytestconfig, record_property, record_testsuite_property, record_xml_attribute, recwarn, testrun_uid, tmp_path, tmp_path_factory, tmpdir, tmpdir_factory, worker_id&#10;&gt;       use 'pytest --fixtures [testpath]' for help on them.&#10;&#10;/app/tests/api/test_customer_api.py:259&quot;">file /app/tests/api/test_customer_api.py, line 259
      def test_create_customer_valid_email_format(
E       fixture 'api_client' not found
&gt;       available fixtures: cache, capfd, capfdbinary, caplog, capsys, capsysbinary, doctest_namespace, extra, extras, include_metadata_in_junit_xml, metadata, monkeypatch, pytestconfig, record_property, record_testsuite_property, record_xml_attribute, recwarn, testrun_uid, tmp_path, tmp_path_factory, tmpdir, tmpdir_factory, worker_id
&gt;       use 'pytest --fixtures [testpath]' for help on them.

/app/tests/api/test_customer_api.py:259</error></testcase><testcase classname="tests.api.test_customer_api.TestCustomerDataValidation" name="test_create_customer_invalid_gender_code" time="0.000"><error message="failed on setup with &quot;file /app/tests/api/test_customer_api.py, line 291&#10;      def test_create_customer_invalid_gender_code(&#10;E       fixture 'api_client' not found&#10;&gt;       available fixtures: cache, capfd, capfdbinary, caplog, capsys, capsysbinary, doctest_namespace, extra, extras, include_metadata_in_junit_xml, metadata, monkeypatch, pytestconfig, record_property, record_testsuite_property, record_xml_attribute, recwarn, testrun_uid, tmp_path, tmp_path_factory, tmpdir, tmpdir_factory, worker_id&#10;&gt;       use 'pytest --fixtures [testpath]' for help on them.&#10;&#10;/app/tests/api/test_customer_api.py:291&quot;">file /app/tests/api/test_customer_api.py, line 291
      def test_create_customer_invalid_gender_code(
E       fixture 'api_client' not found
&gt;       available fixtures: cache, capfd, capfdbinary, caplog, capsys, capsysbinary, doctest_namespace, extra, extras, include_metadata_in_junit_xml, metadata, monkeypatch, pytestconfig, record_property, record_testsuite_property, record_xml_attribute, recwarn, testrun_uid, tmp_path, tmp_path_factory, tmpdir, tmpdir_factory, worker_id
&gt;       use 'pytest --fixtures [testpath]' for help on them.

/app/tests/api/test_customer_api.py:291</error></testcase><testcase classname="tests.api.test_customer_api.TestCustomerDataValidation" name="test_create_customer_valid_gender_codes" time="0.001"><error message="failed on setup with &quot;file /app/tests/api/test_customer_api.py, line 323&#10;      def test_create_customer_valid_gender_codes(&#10;E       fixture 'api_client' not found&#10;&gt;       available fixtures: cache, capfd, capfdbinary, caplog, capsys, capsysbinary, doctest_namespace, extra, extras, include_metadata_in_junit_xml, metadata, monkeypatch, pytestconfig, record_property, record_testsuite_property, record_xml_attribute, recwarn, testrun_uid, tmp_path, tmp_path_factory, tmpdir, tmpdir_factory, worker_id&#10;&gt;       use 'pytest --fixtures [testpath]' for help on them.&#10;&#10;/app/tests/api/test_customer_api.py:323&quot;">file /app/tests/api/test_customer_api.py, line 323
      def test_create_customer_valid_gender_codes(
E       fixture 'api_client' not found
&gt;       available fixtures: cache, capfd, capfdbinary, caplog, capsys, capsysbinary, doctest_namespace, extra, extras, include_metadata_in_junit_xml, metadata, monkeypatch, pytestconfig, record_property, record_testsuite_property, record_xml_attribute, recwarn, testrun_uid, tmp_path, tmp_path_factory, tmpdir, tmpdir_factory, worker_id
&gt;       use 'pytest --fixtures [testpath]' for help on them.

/app/tests/api/test_customer_api.py:323</error></testcase><testcase classname="tests.api.test_customer_api.TestCustomerDataValidation" name="test_create_customer_invalid_date_format" time="0.000"><error message="failed on setup with &quot;file /app/tests/api/test_customer_api.py, line 357&#10;      def test_create_customer_invalid_date_format(&#10;E       fixture 'api_client' not found&#10;&gt;       available fixtures: cache, capfd, capfdbinary, caplog, capsys, capsysbinary, doctest_namespace, extra, extras, include_metadata_in_junit_xml, metadata, monkeypatch, pytestconfig, record_property, record_testsuite_property, record_xml_attribute, recwarn, testrun_uid, tmp_path, tmp_path_factory, tmpdir, tmpdir_factory, worker_id&#10;&gt;       use 'pytest --fixtures [testpath]' for help on them.&#10;&#10;/app/tests/api/test_customer_api.py:357&quot;">file /app/tests/api/test_customer_api.py, line 357
      def test_create_customer_invalid_date_format(
E       fixture 'api_client' not found
&gt;       available fixtures: cache, capfd, capfdbinary, caplog, capsys, capsysbinary, doctest_namespace, extra, extras, include_metadata_in_junit_xml, metadata, monkeypatch, pytestconfig, record_property, record_testsuite_property, record_xml_attribute, recwarn, testrun_uid, tmp_path, tmp_path_factory, tmpdir, tmpdir_factory, worker_id
&gt;       use 'pytest --fixtures [testpath]' for help on them.

/app/tests/api/test_customer_api.py:357</error></testcase><testcase classname="tests.api.test_customer_api.TestCustomerDataValidation" name="test_create_customer_valid_date_format" time="0.000"><error message="failed on setup with &quot;file /app/tests/api/test_customer_api.py, line 389&#10;      def test_create_customer_valid_date_format(&#10;E       fixture 'api_client' not found&#10;&gt;       available fixtures: cache, capfd, capfdbinary, caplog, capsys, capsysbinary, doctest_namespace, extra, extras, include_metadata_in_junit_xml, metadata, monkeypatch, pytestconfig, record_property, record_testsuite_property, record_xml_attribute, recwarn, testrun_uid, tmp_path, tmp_path_factory, tmpdir, tmpdir_factory, worker_id&#10;&gt;       use 'pytest --fixtures [testpath]' for help on them.&#10;&#10;/app/tests/api/test_customer_api.py:389&quot;">file /app/tests/api/test_customer_api.py, line 389
      def test_create_customer_valid_date_format(
E       fixture 'api_client' not found
&gt;       available fixtures: cache, capfd, capfdbinary, caplog, capsys, capsysbinary, doctest_namespace, extra, extras, include_metadata_in_junit_xml, metadata, monkeypatch, pytestconfig, record_property, record_testsuite_property, record_xml_attribute, recwarn, testrun_uid, tmp_path, tmp_path_factory, tmpdir, tmpdir_factory, worker_id
&gt;       use 'pytest --fixtures [testpath]' for help on them.

/app/tests/api/test_customer_api.py:389</error></testcase><testcase classname="tests.api.test_customer_api.TestCustomerDataValidation" name="test_create_customer_invalid_state_code" time="0.000"><skipped type="pytest.skip" message="State/country validation currently disabled in code (lines 718-722 commented out)">/app/tests/api/test_customer_api.py:421: State/country validation currently disabled in code (lines 718-722 commented out)</skipped></testcase><testcase classname="tests.api.test_customer_api.TestCustomerDataValidation" name="test_create_customer_invalid_country_code" time="0.000"><skipped type="pytest.skip" message="State/country validation currently disabled in code">/app/tests/api/test_customer_api.py:457: State/country validation currently disabled in code</skipped></testcase><testcase classname="tests.api.test_customer_api.TestCustomerUpdateOperations" name="test_update_existing_customer" time="0.000"><error message="failed on setup with &quot;file /app/tests/api/test_customer_api.py, line 495&#10;      def test_update_existing_customer(&#10;E       fixture 'api_client' not found&#10;&gt;       available fixtures: cache, capfd, capfdbinary, caplog, capsys, capsysbinary, doctest_namespace, extra, extras, include_metadata_in_junit_xml, metadata, monkeypatch, pytestconfig, record_property, record_testsuite_property, record_xml_attribute, recwarn, testrun_uid, tmp_path, tmp_path_factory, tmpdir, tmpdir_factory, worker_id&#10;&gt;       use 'pytest --fixtures [testpath]' for help on them.&#10;&#10;/app/tests/api/test_customer_api.py:495&quot;">file /app/tests/api/test_customer_api.py, line 495
      def test_update_existing_customer(
E       fixture 'api_client' not found
&gt;       available fixtures: cache, capfd, capfdbinary, caplog, capsys, capsysbinary, doctest_namespace, extra, extras, include_metadata_in_junit_xml, metadata, monkeypatch, pytestconfig, record_property, record_testsuite_property, record_xml_attribute, recwarn, testrun_uid, tmp_path, tmp_path_factory, tmpdir, tmpdir_factory, worker_id
&gt;       use 'pytest --fixtures [testpath]' for help on them.

/app/tests/api/test_customer_api.py:495</error></testcase><testcase classname="tests.api.test_customer_api.TestCustomerUpdateOperations" name="test_update_with_invalid_customer_id" time="0.001"><error message="failed on setup with &quot;file /app/tests/api/test_customer_api.py, line 536&#10;      def test_update_with_invalid_customer_id(&#10;E       fixture 'api_client' not found&#10;&gt;       available fixtures: cache, capfd, capfdbinary, caplog, capsys, capsysbinary, doctest_namespace, extra, extras, include_metadata_in_junit_xml, metadata, monkeypatch, pytestconfig, record_property, record_testsuite_property, record_xml_attribute, recwarn, testrun_uid, tmp_path, tmp_path_factory, tmpdir, tmpdir_factory, worker_id&#10;&gt;       use 'pytest --fixtures [testpath]' for help on them.&#10;&#10;/app/tests/api/test_customer_api.py:536&quot;">file /app/tests/api/test_customer_api.py, line 536
      def test_update_with_invalid_customer_id(
E       fixture 'api_client' not found
&gt;       available fixtures: cache, capfd, capfdbinary, caplog, capsys, capsysbinary, doctest_namespace, extra, extras, include_metadata_in_junit_xml, metadata, monkeypatch, pytestconfig, record_property, record_testsuite_property, record_xml_attribute, recwarn, testrun_uid, tmp_path, tmp_path_factory, tmpdir, tmpdir_factory, worker_id
&gt;       use 'pytest --fixtures [testpath]' for help on them.

/app/tests/api/test_customer_api.py:536</error></testcase><testcase classname="tests.api.test_customer_api.TestCustomerDuplicatePrevention" name="test_duplicate_customer_id_performs_update" time="0.000"><error message="failed on setup with &quot;file /app/tests/api/test_customer_api.py, line 572&#10;      def test_duplicate_customer_id_performs_update(&#10;E       fixture 'api_client' not found&#10;&gt;       available fixtures: cache, capfd, capfdbinary, caplog, capsys, capsysbinary, doctest_namespace, extra, extras, include_metadata_in_junit_xml, metadata, monkeypatch, pytestconfig, record_property, record_testsuite_property, record_xml_attribute, recwarn, testrun_uid, tmp_path, tmp_path_factory, tmpdir, tmpdir_factory, worker_id&#10;&gt;       use 'pytest --fixtures [testpath]' for help on them.&#10;&#10;/app/tests/api/test_customer_api.py:572&quot;">file /app/tests/api/test_customer_api.py, line 572
      def test_duplicate_customer_id_performs_update(
E       fixture 'api_client' not found
&gt;       available fixtures: cache, capfd, capfdbinary, caplog, capsys, capsysbinary, doctest_namespace, extra, extras, include_metadata_in_junit_xml, metadata, monkeypatch, pytestconfig, record_property, record_testsuite_property, record_xml_attribute, recwarn, testrun_uid, tmp_path, tmp_path_factory, tmpdir, tmpdir_factory, worker_id
&gt;       use 'pytest --fixtures [testpath]' for help on them.

/app/tests/api/test_customer_api.py:572</error></testcase><testcase classname="tests.api.test_customer_api.TestCustomerResponseFormat" name="test_success_response_format" time="0.000"><error message="failed on setup with &quot;file /app/tests/api/test_customer_api.py, line 631&#10;      def test_success_response_format(&#10;E       fixture 'api_client' not found&#10;&gt;       available fixtures: cache, capfd, capfdbinary, caplog, capsys, capsysbinary, doctest_namespace, extra, extras, include_metadata_in_junit_xml, metadata, monkeypatch, pytestconfig, record_property, record_testsuite_property, record_xml_attribute, recwarn, testrun_uid, tmp_path, tmp_path_factory, tmpdir, tmpdir_factory, worker_id&#10;&gt;       use 'pytest --fixtures [testpath]' for help on them.&#10;&#10;/app/tests/api/test_customer_api.py:631&quot;">file /app/tests/api/test_customer_api.py, line 631
      def test_success_response_format(
E       fixture 'api_client' not found
&gt;       available fixtures: cache, capfd, capfdbinary, caplog, capsys, capsysbinary, doctest_namespace, extra, extras, include_metadata_in_junit_xml, metadata, monkeypatch, pytestconfig, record_property, record_testsuite_property, record_xml_attribute, recwarn, testrun_uid, tmp_path, tmp_path_factory, tmpdir, tmpdir_factory, worker_id
&gt;       use 'pytest --fixtures [testpath]' for help on them.

/app/tests/api/test_customer_api.py:631</error></testcase><testcase classname="tests.api.test_customer_api.TestCustomerResponseFormat" name="test_error_response_format" time="0.000"><error message="failed on setup with &quot;file /app/tests/api/test_customer_api.py, line 669&#10;      def test_error_response_format(&#10;E       fixture 'api_client' not found&#10;&gt;       available fixtures: cache, capfd, capfdbinary, caplog, capsys, capsysbinary, doctest_namespace, extra, extras, include_metadata_in_junit_xml, metadata, monkeypatch, pytestconfig, record_property, record_testsuite_property, record_xml_attribute, recwarn, testrun_uid, tmp_path, tmp_path_factory, tmpdir, tmpdir_factory, worker_id&#10;&gt;       use 'pytest --fixtures [testpath]' for help on them.&#10;&#10;/app/tests/api/test_customer_api.py:669&quot;">file /app/tests/api/test_customer_api.py, line 669
      def test_error_response_format(
E       fixture 'api_client' not found
&gt;       available fixtures: cache, capfd, capfdbinary, caplog, capsys, capsysbinary, doctest_namespace, extra, extras, include_metadata_in_junit_xml, metadata, monkeypatch, pytestconfig, record_property, record_testsuite_property, record_xml_attribute, recwarn, testrun_uid, tmp_path, tmp_path_factory, tmpdir, tmpdir_factory, worker_id
&gt;       use 'pytest --fixtures [testpath]' for help on them.

/app/tests/api/test_customer_api.py:669</error></testcase><testcase classname="tests.api.test_customer_api.TestCustomerAuthenticationRequirement" name="test_customer_api_requires_authentication" time="0.000"><error message="failed on setup with &quot;file /app/tests/api/test_customer_api.py, line 710&#10;      def test_customer_api_requires_authentication(&#10;E       fixture 'api_client' not found&#10;&gt;       available fixtures: cache, capfd, capfdbinary, caplog, capsys, capsysbinary, doctest_namespace, extra, extras, include_metadata_in_junit_xml, metadata, monkeypatch, pytestconfig, record_property, record_testsuite_property, record_xml_attribute, recwarn, testrun_uid, tmp_path, tmp_path_factory, tmpdir, tmpdir_factory, worker_id&#10;&gt;       use 'pytest --fixtures [testpath]' for help on them.&#10;&#10;/app/tests/api/test_customer_api.py:710&quot;">file /app/tests/api/test_customer_api.py, line 710
      def test_customer_api_requires_authentication(
E       fixture 'api_client' not found
&gt;       available fixtures: cache, capfd, capfdbinary, caplog, capsys, capsysbinary, doctest_namespace, extra, extras, include_metadata_in_junit_xml, metadata, monkeypatch, pytestconfig, record_property, record_testsuite_property, record_xml_attribute, recwarn, testrun_uid, tmp_path, tmp_path_factory, tmpdir, tmpdir_factory, worker_id
&gt;       use 'pytest --fixtures [testpath]' for help on them.

/app/tests/api/test_customer_api.py:710</error></testcase><testcase classname="tests.api.test_customer_api.TestCustomerAuthenticationRequirement" name="test_customer_api_requires_correct_scope" time="0.001"><error message="failed on setup with &quot;file /app/tests/api/test_customer_api.py, line 740&#10;      def test_customer_api_requires_correct_scope(&#10;E       fixture 'api_client' not found&#10;&gt;       available fixtures: cache, capfd, capfdbinary, caplog, capsys, capsysbinary, doctest_namespace, extra, extras, include_metadata_in_junit_xml, metadata, monkeypatch, pytestconfig, record_property, record_testsuite_property, record_xml_attribute, recwarn, testrun_uid, tmp_path, tmp_path_factory, tmpdir, tmpdir_factory, worker_id&#10;&gt;       use 'pytest --fixtures [testpath]' for help on them.&#10;&#10;/app/tests/api/test_customer_api.py:740&quot;">file /app/tests/api/test_customer_api.py, line 740
      def test_customer_api_requires_correct_scope(
E       fixture 'api_client' not found
&gt;       available fixtures: cache, capfd, capfdbinary, caplog, capsys, capsysbinary, doctest_namespace, extra, extras, include_metadata_in_junit_xml, metadata, monkeypatch, pytestconfig, record_property, record_testsuite_property, record_xml_attribute, recwarn, testrun_uid, tmp_path, tmp_path_factory, tmpdir, tmpdir_factory, worker_id
&gt;       use 'pytest --fixtures [testpath]' for help on them.

/app/tests/api/test_customer_api.py:740</error></testcase><testcase classname="tests.api.test_employee_api.TestEmployeeCreation" name="test_create_employee_minimal_valid_data" time="0.000"><error message="failed on setup with &quot;file /app/tests/api/test_employee_api.py, line 29&#10;      def test_create_employee_minimal_valid_data(&#10;E       fixture 'api_client' not found&#10;&gt;       available fixtures: cache, capfd, capfdbinary, caplog, capsys, capsysbinary, doctest_namespace, extra, extras, include_metadata_in_junit_xml, metadata, monkeypatch, pytestconfig, record_property, record_testsuite_property, record_xml_attribute, recwarn, testrun_uid, tmp_path, tmp_path_factory, tmpdir, tmpdir_factory, worker_id&#10;&gt;       use 'pytest --fixtures [testpath]' for help on them.&#10;&#10;/app/tests/api/test_employee_api.py:29&quot;">file /app/tests/api/test_employee_api.py, line 29
      def test_create_employee_minimal_valid_data(
E       fixture 'api_client' not found
&gt;       available fixtures: cache, capfd, capfdbinary, caplog, capsys, capsysbinary, doctest_namespace, extra, extras, include_metadata_in_junit_xml, metadata, monkeypatch, pytestconfig, record_property, record_testsuite_property, record_xml_attribute, recwarn, testrun_uid, tmp_path, tmp_path_factory, tmpdir, tmpdir_factory, worker_id
&gt;       use 'pytest --fixtures [testpath]' for help on them.

/app/tests/api/test_employee_api.py:29</error></testcase><testcase classname="tests.api.test_employee_api.TestEmployeeCreation" name="test_create_employee_complete_valid_data" time="0.000"><error message="failed on setup with &quot;file /app/tests/api/test_employee_api.py, line 74&#10;      def test_create_employee_complete_valid_data(&#10;E       fixture 'api_client' not found&#10;&gt;       available fixtures: cache, capfd, capfdbinary, caplog, capsys, capsysbinary, doctest_namespace, extra, extras, include_metadata_in_junit_xml, metadata, monkeypatch, pytestconfig, record_property, record_testsuite_property, record_xml_attribute, recwarn, testrun_uid, tmp_path, tmp_path_factory, tmpdir, tmpdir_factory, worker_id&#10;&gt;       use 'pytest --fixtures [testpath]' for help on them.&#10;&#10;/app/tests/api/test_employee_api.py:74&quot;">file /app/tests/api/test_employee_api.py, line 74
      def test_create_employee_complete_valid_data(
E       fixture 'api_client' not found
&gt;       available fixtures: cache, capfd, capfdbinary, caplog, capsys, capsysbinary, doctest_namespace, extra, extras, include_metadata_in_junit_xml, metadata, monkeypatch, pytestconfig, record_property, record_testsuite_property, record_xml_attribute, recwarn, testrun_uid, tmp_path, tmp_path_factory, tmpdir, tmpdir_factory, worker_id
&gt;       use 'pytest --fixtures [testpath]' for help on them.

/app/tests/api/test_employee_api.py:74</error></testcase><testcase classname="tests.api.test_employee_api.TestEmployeeGenderValidation" name="test_create_employee_valid_gender_female" time="0.000"><error message="failed on setup with &quot;file /app/tests/api/test_employee_api.py, line 113&#10;      def test_create_employee_valid_gender_female(&#10;E       fixture 'api_client' not found&#10;&gt;       available fixtures: cache, capfd, capfdbinary, caplog, capsys, capsysbinary, doctest_namespace, extra, extras, include_metadata_in_junit_xml, metadata, monkeypatch, pytestconfig, record_property, record_testsuite_property, record_xml_attribute, recwarn, testrun_uid, tmp_path, tmp_path_factory, tmpdir, tmpdir_factory, worker_id&#10;&gt;       use 'pytest --fixtures [testpath]' for help on them.&#10;&#10;/app/tests/api/test_employee_api.py:113&quot;">file /app/tests/api/test_employee_api.py, line 113
      def test_create_employee_valid_gender_female(
E       fixture 'api_client' not found
&gt;       available fixtures: cache, capfd, capfdbinary, caplog, capsys, capsysbinary, doctest_namespace, extra, extras, include_metadata_in_junit_xml, metadata, monkeypatch, pytestconfig, record_property, record_testsuite_property, record_xml_attribute, recwarn, testrun_uid, tmp_path, tmp_path_factory, tmpdir, tmpdir_factory, worker_id
&gt;       use 'pytest --fixtures [testpath]' for help on them.

/app/tests/api/test_employee_api.py:113</error></testcase><testcase classname="tests.api.test_employee_api.TestEmployeeGenderValidation" name="test_create_employee_valid_gender_male" time="0.001"><error message="failed on setup with &quot;file /app/tests/api/test_employee_api.py, line 148&#10;      def test_create_employee_valid_gender_male(&#10;E       fixture 'api_client' not found&#10;&gt;       available fixtures: cache, capfd, capfdbinary, caplog, capsys, capsysbinary, doctest_namespace, extra, extras, include_metadata_in_junit_xml, metadata, monkeypatch, pytestconfig, record_property, record_testsuite_property, record_xml_attribute, recwarn, testrun_uid, tmp_path, tmp_path_factory, tmpdir, tmpdir_factory, worker_id&#10;&gt;       use 'pytest --fixtures [testpath]' for help on them.&#10;&#10;/app/tests/api/test_employee_api.py:148&quot;">file /app/tests/api/test_employee_api.py, line 148
      def test_create_employee_valid_gender_male(
E       fixture 'api_client' not found
&gt;       available fixtures: cache, capfd, capfdbinary, caplog, capsys, capsysbinary, doctest_namespace, extra, extras, include_metadata_in_junit_xml, metadata, monkeypatch, pytestconfig, record_property, record_testsuite_property, record_xml_attribute, recwarn, testrun_uid, tmp_path, tmp_path_factory, tmpdir, tmpdir_factory, worker_id
&gt;       use 'pytest --fixtures [testpath]' for help on them.

/app/tests/api/test_employee_api.py:148</error></testcase><testcase classname="tests.api.test_employee_api.TestEmployeeGenderValidation" name="test_create_employee_valid_gender_other" time="0.000"><error message="failed on setup with &quot;file /app/tests/api/test_employee_api.py, line 182&#10;      def test_create_employee_valid_gender_other(&#10;E       fixture 'api_client' not found&#10;&gt;       available fixtures: cache, capfd, capfdbinary, caplog, capsys, capsysbinary, doctest_namespace, extra, extras, include_metadata_in_junit_xml, metadata, monkeypatch, pytestconfig, record_property, record_testsuite_property, record_xml_attribute, recwarn, testrun_uid, tmp_path, tmp_path_factory, tmpdir, tmpdir_factory, worker_id&#10;&gt;       use 'pytest --fixtures [testpath]' for help on them.&#10;&#10;/app/tests/api/test_employee_api.py:182&quot;">file /app/tests/api/test_employee_api.py, line 182
      def test_create_employee_valid_gender_other(
E       fixture 'api_client' not found
&gt;       available fixtures: cache, capfd, capfdbinary, caplog, capsys, capsysbinary, doctest_namespace, extra, extras, include_metadata_in_junit_xml, metadata, monkeypatch, pytestconfig, record_property, record_testsuite_property, record_xml_attribute, recwarn, testrun_uid, tmp_path, tmp_path_factory, tmpdir, tmpdir_factory, worker_id
&gt;       use 'pytest --fixtures [testpath]' for help on them.

/app/tests/api/test_employee_api.py:182</error></testcase><testcase classname="tests.api.test_employee_api.TestEmployeeGenderValidation" name="test_create_employee_invalid_gender" time="0.000"><error message="failed on setup with &quot;file /app/tests/api/test_employee_api.py, line 216&#10;      def test_create_employee_invalid_gender(&#10;E       fixture 'api_client' not found&#10;&gt;       available fixtures: cache, capfd, capfdbinary, caplog, capsys, capsysbinary, doctest_namespace, extra, extras, include_metadata_in_junit_xml, metadata, monkeypatch, pytestconfig, record_property, record_testsuite_property, record_xml_attribute, recwarn, testrun_uid, tmp_path, tmp_path_factory, tmpdir, tmpdir_factory, worker_id&#10;&gt;       use 'pytest --fixtures [testpath]' for help on them.&#10;&#10;/app/tests/api/test_employee_api.py:216&quot;">file /app/tests/api/test_employee_api.py, line 216
      def test_create_employee_invalid_gender(
E       fixture 'api_client' not found
&gt;       available fixtures: cache, capfd, capfdbinary, caplog, capsys, capsysbinary, doctest_namespace, extra, extras, include_metadata_in_junit_xml, metadata, monkeypatch, pytestconfig, record_property, record_testsuite_property, record_xml_attribute, recwarn, testrun_uid, tmp_path, tmp_path_factory, tmpdir, tmpdir_factory, worker_id
&gt;       use 'pytest --fixtures [testpath]' for help on them.

/app/tests/api/test_employee_api.py:216</error></testcase><testcase classname="tests.api.test_employee_api.TestEmployeeMaritalStatusValidation" name="test_create_employee_valid_marital_status" time="0.000"><error message="failed on setup with &quot;file /app/tests/api/test_employee_api.py, line 252&#10;      def test_create_employee_valid_marital_status(&#10;E       fixture 'api_client' not found&#10;&gt;       available fixtures: cache, capfd, capfdbinary, caplog, capsys, capsysbinary, doctest_namespace, extra, extras, include_metadata_in_junit_xml, metadata, monkeypatch, pytestconfig, record_property, record_testsuite_property, record_xml_attribute, recwarn, testrun_uid, tmp_path, tmp_path_factory, tmpdir, tmpdir_factory, worker_id&#10;&gt;       use 'pytest --fixtures [testpath]' for help on them.&#10;&#10;/app/tests/api/test_employee_api.py:252&quot;">file /app/tests/api/test_employee_api.py, line 252
      def test_create_employee_valid_marital_status(
E       fixture 'api_client' not found
&gt;       available fixtures: cache, capfd, capfdbinary, caplog, capsys, capsysbinary, doctest_namespace, extra, extras, include_metadata_in_junit_xml, metadata, monkeypatch, pytestconfig, record_property, record_testsuite_property, record_xml_attribute, recwarn, testrun_uid, tmp_path, tmp_path_factory, tmpdir, tmpdir_factory, worker_id
&gt;       use 'pytest --fixtures [testpath]' for help on them.

/app/tests/api/test_employee_api.py:252</error></testcase><testcase classname="tests.api.test_employee_api.TestEmployeeMaritalStatusValidation" name="test_create_employee_invalid_marital_status" time="0.000"><error message="failed on setup with &quot;file /app/tests/api/test_employee_api.py, line 288&#10;      def test_create_employee_invalid_marital_status(&#10;E       fixture 'api_client' not found&#10;&gt;       available fixtures: cache, capfd, capfdbinary, caplog, capsys, capsysbinary, doctest_namespace, extra, extras, include_metadata_in_junit_xml, metadata, monkeypatch, pytestconfig, record_property, record_testsuite_property, record_xml_attribute, recwarn, testrun_uid, tmp_path, tmp_path_factory, tmpdir, tmpdir_factory, worker_id&#10;&gt;       use 'pytest --fixtures [testpath]' for help on them.&#10;&#10;/app/tests/api/test_employee_api.py:288&quot;">file /app/tests/api/test_employee_api.py, line 288
      def test_create_employee_invalid_marital_status(
E       fixture 'api_client' not found
&gt;       available fixtures: cache, capfd, capfdbinary, caplog, capsys, capsysbinary, doctest_namespace, extra, extras, include_metadata_in_junit_xml, metadata, monkeypatch, pytestconfig, record_property, record_testsuite_property, record_xml_attribute, recwarn, testrun_uid, tmp_path, tmp_path_factory, tmpdir, tmpdir_factory, worker_id
&gt;       use 'pytest --fixtures [testpath]' for help on them.

/app/tests/api/test_employee_api.py:288</error></testcase><testcase classname="tests.api.test_employee_api.TestEmployeeActiveStatusValidation" name="test_create_employee_active_status_true" time="0.001"><error message="failed on setup with &quot;file /app/tests/api/test_employee_api.py, line 324&#10;      def test_create_employee_active_status_true(&#10;E       fixture 'api_client' not found&#10;&gt;       available fixtures: cache, capfd, capfdbinary, caplog, capsys, capsysbinary, doctest_namespace, extra, extras, include_metadata_in_junit_xml, metadata, monkeypatch, pytestconfig, record_property, record_testsuite_property, record_xml_attribute, recwarn, testrun_uid, tmp_path, tmp_path_factory, tmpdir, tmpdir_factory, worker_id&#10;&gt;       use 'pytest --fixtures [testpath]' for help on them.&#10;&#10;/app/tests/api/test_employee_api.py:324&quot;">file /app/tests/api/test_employee_api.py, line 324
      def test_create_employee_active_status_true(
E       fixture 'api_client' not found
&gt;       available fixtures: cache, capfd, capfdbinary, caplog, capsys, capsysbinary, doctest_namespace, extra, extras, include_metadata_in_junit_xml, metadata, monkeypatch, pytestconfig, record_property, record_testsuite_property, record_xml_attribute, recwarn, testrun_uid, tmp_path, tmp_path_factory, tmpdir, tmpdir_factory, worker_id
&gt;       use 'pytest --fixtures [testpath]' for help on them.

/app/tests/api/test_employee_api.py:324</error></testcase><testcase classname="tests.api.test_employee_api.TestEmployeeActiveStatusValidation" name="test_create_employee_active_status_false" time="0.000"><error message="failed on setup with &quot;file /app/tests/api/test_employee_api.py, line 359&#10;      def test_create_employee_active_status_false(&#10;E       fixture 'api_client' not found&#10;&gt;       available fixtures: cache, capfd, capfdbinary, caplog, capsys, capsysbinary, doctest_namespace, extra, extras, include_metadata_in_junit_xml, metadata, monkeypatch, pytestconfig, record_property, record_testsuite_property, record_xml_attribute, recwarn, testrun_uid, tmp_path, tmp_path_factory, tmpdir, tmpdir_factory, worker_id&#10;&gt;       use 'pytest --fixtures [testpath]' for help on them.&#10;&#10;/app/tests/api/test_employee_api.py:359&quot;">file /app/tests/api/test_employee_api.py, line 359
      def test_create_employee_active_status_false(
E       fixture 'api_client' not found
&gt;       available fixtures: cache, capfd, capfdbinary, caplog, capsys, capsysbinary, doctest_namespace, extra, extras, include_metadata_in_junit_xml, metadata, monkeypatch, pytestconfig, record_property, record_testsuite_property, record_xml_attribute, recwarn, testrun_uid, tmp_path, tmp_path_factory, tmpdir, tmpdir_factory, worker_id
&gt;       use 'pytest --fixtures [testpath]' for help on them.

/app/tests/api/test_employee_api.py:359</error></testcase><testcase classname="tests.api.test_employee_api.TestEmployeeActiveStatusValidation" name="test_create_employee_invalid_active_status" time="0.000"><error message="failed on setup with &quot;file /app/tests/api/test_employee_api.py, line 394&#10;      def test_create_employee_invalid_active_status(&#10;E       fixture 'api_client' not found&#10;&gt;       available fixtures: cache, capfd, capfdbinary, caplog, capsys, capsysbinary, doctest_namespace, extra, extras, include_metadata_in_junit_xml, metadata, monkeypatch, pytestconfig, record_property, record_testsuite_property, record_xml_attribute, recwarn, testrun_uid, tmp_path, tmp_path_factory, tmpdir, tmpdir_factory, worker_id&#10;&gt;       use 'pytest --fixtures [testpath]' for help on them.&#10;&#10;/app/tests/api/test_employee_api.py:394&quot;">file /app/tests/api/test_employee_api.py, line 394
      def test_create_employee_invalid_active_status(
E       fixture 'api_client' not found
&gt;       available fixtures: cache, capfd, capfdbinary, caplog, capsys, capsysbinary, doctest_namespace, extra, extras, include_metadata_in_junit_xml, metadata, monkeypatch, pytestconfig, record_property, record_testsuite_property, record_xml_attribute, recwarn, testrun_uid, tmp_path, tmp_path_factory, tmpdir, tmpdir_factory, worker_id
&gt;       use 'pytest --fixtures [testpath]' for help on them.

/app/tests/api/test_employee_api.py:394</error></testcase><testcase classname="tests.api.test_employee_api.TestEmployeeDateValidation" name="test_create_employee_valid_date_format_slash" time="0.000"><error message="failed on setup with &quot;file /app/tests/api/test_employee_api.py, line 430&#10;      def test_create_employee_valid_date_format_slash(&#10;E       fixture 'api_client' not found&#10;&gt;       available fixtures: cache, capfd, capfdbinary, caplog, capsys, capsysbinary, doctest_namespace, extra, extras, include_metadata_in_junit_xml, metadata, monkeypatch, pytestconfig, record_property, record_testsuite_property, record_xml_attribute, recwarn, testrun_uid, tmp_path, tmp_path_factory, tmpdir, tmpdir_factory, worker_id&#10;&gt;       use 'pytest --fixtures [testpath]' for help on them.&#10;&#10;/app/tests/api/test_employee_api.py:430&quot;">file /app/tests/api/test_employee_api.py, line 430
      def test_create_employee_valid_date_format_slash(
E       fixture 'api_client' not found
&gt;       available fixtures: cache, capfd, capfdbinary, caplog, capsys, capsysbinary, doctest_namespace, extra, extras, include_metadata_in_junit_xml, metadata, monkeypatch, pytestconfig, record_property, record_testsuite_property, record_xml_attribute, recwarn, testrun_uid, tmp_path, tmp_path_factory, tmpdir, tmpdir_factory, worker_id
&gt;       use 'pytest --fixtures [testpath]' for help on them.

/app/tests/api/test_employee_api.py:430</error></testcase><testcase classname="tests.api.test_employee_api.TestEmployeeDateValidation" name="test_create_employee_valid_date_format_dash" time="0.000"><error message="failed on setup with &quot;file /app/tests/api/test_employee_api.py, line 463&#10;      def test_create_employee_valid_date_format_dash(&#10;E       fixture 'api_client' not found&#10;&gt;       available fixtures: cache, capfd, capfdbinary, caplog, capsys, capsysbinary, doctest_namespace, extra, extras, include_metadata_in_junit_xml, metadata, monkeypatch, pytestconfig, record_property, record_testsuite_property, record_xml_attribute, recwarn, testrun_uid, tmp_path, tmp_path_factory, tmpdir, tmpdir_factory, worker_id&#10;&gt;       use 'pytest --fixtures [testpath]' for help on them.&#10;&#10;/app/tests/api/test_employee_api.py:463&quot;">file /app/tests/api/test_employee_api.py, line 463
      def test_create_employee_valid_date_format_dash(
E       fixture 'api_client' not found
&gt;       available fixtures: cache, capfd, capfdbinary, caplog, capsys, capsysbinary, doctest_namespace, extra, extras, include_metadata_in_junit_xml, metadata, monkeypatch, pytestconfig, record_property, record_testsuite_property, record_xml_attribute, recwarn, testrun_uid, tmp_path, tmp_path_factory, tmpdir, tmpdir_factory, worker_id
&gt;       use 'pytest --fixtures [testpath]' for help on them.

/app/tests/api/test_employee_api.py:463</error></testcase><testcase classname="tests.api.test_employee_api.TestEmployeeDateValidation" name="test_create_employee_invalid_date_format" time="0.000"><error message="failed on setup with &quot;file /app/tests/api/test_employee_api.py, line 496&#10;      def test_create_employee_invalid_date_format(&#10;E       fixture 'api_client' not found&#10;&gt;       available fixtures: cache, capfd, capfdbinary, caplog, capsys, capsysbinary, doctest_namespace, extra, extras, include_metadata_in_junit_xml, metadata, monkeypatch, pytestconfig, record_property, record_testsuite_property, record_xml_attribute, recwarn, testrun_uid, tmp_path, tmp_path_factory, tmpdir, tmpdir_factory, worker_id&#10;&gt;       use 'pytest --fixtures [testpath]' for help on them.&#10;&#10;/app/tests/api/test_employee_api.py:496&quot;">file /app/tests/api/test_employee_api.py, line 496
      def test_create_employee_invalid_date_format(
E       fixture 'api_client' not found
&gt;       available fixtures: cache, capfd, capfdbinary, caplog, capsys, capsysbinary, doctest_namespace, extra, extras, include_metadata_in_junit_xml, metadata, monkeypatch, pytestconfig, record_property, record_testsuite_property, record_xml_attribute, recwarn, testrun_uid, tmp_path, tmp_path_factory, tmpdir, tmpdir_factory, worker_id
&gt;       use 'pytest --fixtures [testpath]' for help on them.

/app/tests/api/test_employee_api.py:496</error></testcase><testcase classname="tests.api.test_employee_api.TestEmployeeContactInformation" name="test_create_employee_with_email" time="0.001"><error message="failed on setup with &quot;file /app/tests/api/test_employee_api.py, line 532&#10;      def test_create_employee_with_email(&#10;E       fixture 'api_client' not found&#10;&gt;       available fixtures: cache, capfd, capfdbinary, caplog, capsys, capsysbinary, doctest_namespace, extra, extras, include_metadata_in_junit_xml, metadata, monkeypatch, pytestconfig, record_property, record_testsuite_property, record_xml_attribute, recwarn, testrun_uid, tmp_path, tmp_path_factory, tmpdir, tmpdir_factory, worker_id&#10;&gt;       use 'pytest --fixtures [testpath]' for help on them.&#10;&#10;/app/tests/api/test_employee_api.py:532&quot;">file /app/tests/api/test_employee_api.py, line 532
      def test_create_employee_with_email(
E       fixture 'api_client' not found
&gt;       available fixtures: cache, capfd, capfdbinary, caplog, capsys, capsysbinary, doctest_namespace, extra, extras, include_metadata_in_junit_xml, metadata, monkeypatch, pytestconfig, record_property, record_testsuite_property, record_xml_attribute, recwarn, testrun_uid, tmp_path, tmp_path_factory, tmpdir, tmpdir_factory, worker_id
&gt;       use 'pytest --fixtures [testpath]' for help on them.

/app/tests/api/test_employee_api.py:532</error></testcase><testcase classname="tests.api.test_employee_api.TestEmployeeContactInformation" name="test_create_employee_with_mobile_numbers" time="0.000"><error message="failed on setup with &quot;file /app/tests/api/test_employee_api.py, line 565&#10;      def test_create_employee_with_mobile_numbers(&#10;E       fixture 'api_client' not found&#10;&gt;       available fixtures: cache, capfd, capfdbinary, caplog, capsys, capsysbinary, doctest_namespace, extra, extras, include_metadata_in_junit_xml, metadata, monkeypatch, pytestconfig, record_property, record_testsuite_property, record_xml_attribute, recwarn, testrun_uid, tmp_path, tmp_path_factory, tmpdir, tmpdir_factory, worker_id&#10;&gt;       use 'pytest --fixtures [testpath]' for help on them.&#10;&#10;/app/tests/api/test_employee_api.py:565&quot;">file /app/tests/api/test_employee_api.py, line 565
      def test_create_employee_with_mobile_numbers(
E       fixture 'api_client' not found
&gt;       available fixtures: cache, capfd, capfdbinary, caplog, capsys, capsysbinary, doctest_namespace, extra, extras, include_metadata_in_junit_xml, metadata, monkeypatch, pytestconfig, record_property, record_testsuite_property, record_xml_attribute, recwarn, testrun_uid, tmp_path, tmp_path_factory, tmpdir, tmpdir_factory, worker_id
&gt;       use 'pytest --fixtures [testpath]' for help on them.

/app/tests/api/test_employee_api.py:565</error></testcase><testcase classname="tests.api.test_employee_api.TestEmployeeEmploymentInformation" name="test_create_employee_with_job_details" time="0.000"><error message="failed on setup with &quot;file /app/tests/api/test_employee_api.py, line 603&#10;      def test_create_employee_with_job_details(&#10;E       fixture 'api_client' not found&#10;&gt;       available fixtures: cache, capfd, capfdbinary, caplog, capsys, capsysbinary, doctest_namespace, extra, extras, include_metadata_in_junit_xml, metadata, monkeypatch, pytestconfig, record_property, record_testsuite_property, record_xml_attribute, recwarn, testrun_uid, tmp_path, tmp_path_factory, tmpdir, tmpdir_factory, worker_id&#10;&gt;       use 'pytest --fixtures [testpath]' for help on them.&#10;&#10;/app/tests/api/test_employee_api.py:603&quot;">file /app/tests/api/test_employee_api.py, line 603
      def test_create_employee_with_job_details(
E       fixture 'api_client' not found
&gt;       available fixtures: cache, capfd, capfdbinary, caplog, capsys, capsysbinary, doctest_namespace, extra, extras, include_metadata_in_junit_xml, metadata, monkeypatch, pytestconfig, record_property, record_testsuite_property, record_xml_attribute, recwarn, testrun_uid, tmp_path, tmp_path_factory, tmpdir, tmpdir_factory, worker_id
&gt;       use 'pytest --fixtures [testpath]' for help on them.

/app/tests/api/test_employee_api.py:603</error></testcase><testcase classname="tests.api.test_employee_api.TestEmployeeEmploymentInformation" name="test_create_employee_with_ctc" time="0.000"><error message="failed on setup with &quot;file /app/tests/api/test_employee_api.py, line 638&#10;      def test_create_employee_with_ctc(&#10;E       fixture 'api_client' not found&#10;&gt;       available fixtures: cache, capfd, capfdbinary, caplog, capsys, capsysbinary, doctest_namespace, extra, extras, include_metadata_in_junit_xml, metadata, monkeypatch, pytestconfig, record_property, record_testsuite_property, record_xml_attribute, recwarn, testrun_uid, tmp_path, tmp_path_factory, tmpdir, tmpdir_factory, worker_id&#10;&gt;       use 'pytest --fixtures [testpath]' for help on them.&#10;&#10;/app/tests/api/test_employee_api.py:638&quot;">file /app/tests/api/test_employee_api.py, line 638
      def test_create_employee_with_ctc(
E       fixture 'api_client' not found
&gt;       available fixtures: cache, capfd, capfdbinary, caplog, capsys, capsysbinary, doctest_namespace, extra, extras, include_metadata_in_junit_xml, metadata, monkeypatch, pytestconfig, record_property, record_testsuite_property, record_xml_attribute, recwarn, testrun_uid, tmp_path, tmp_path_factory, tmpdir, tmpdir_factory, worker_id
&gt;       use 'pytest --fixtures [testpath]' for help on them.

/app/tests/api/test_employee_api.py:638</error></testcase><testcase classname="tests.api.test_employee_api.TestEmployeeUpdateOperations" name="test_update_existing_employee" time="0.000"><error message="failed on setup with &quot;file /app/tests/api/test_employee_api.py, line 674&#10;      def test_update_existing_employee(&#10;E       fixture 'api_client' not found&#10;&gt;       available fixtures: cache, capfd, capfdbinary, caplog, capsys, capsysbinary, doctest_namespace, extra, extras, include_metadata_in_junit_xml, metadata, monkeypatch, pytestconfig, record_property, record_testsuite_property, record_xml_attribute, recwarn, testrun_uid, tmp_path, tmp_path_factory, tmpdir, tmpdir_factory, worker_id&#10;&gt;       use 'pytest --fixtures [testpath]' for help on them.&#10;&#10;/app/tests/api/test_employee_api.py:674&quot;">file /app/tests/api/test_employee_api.py, line 674
      def test_update_existing_employee(
E       fixture 'api_client' not found
&gt;       available fixtures: cache, capfd, capfdbinary, caplog, capsys, capsysbinary, doctest_namespace, extra, extras, include_metadata_in_junit_xml, metadata, monkeypatch, pytestconfig, record_property, record_testsuite_property, record_xml_attribute, recwarn, testrun_uid, tmp_path, tmp_path_factory, tmpdir, tmpdir_factory, worker_id
&gt;       use 'pytest --fixtures [testpath]' for help on them.

/app/tests/api/test_employee_api.py:674</error></testcase><testcase classname="tests.api.test_employee_api.TestEmployeeResponseFormat" name="test_success_response_format" time="0.000"><error message="failed on setup with &quot;file /app/tests/api/test_employee_api.py, line 714&#10;      def test_success_response_format(&#10;E       fixture 'api_client' not found&#10;&gt;       available fixtures: cache, capfd, capfdbinary, caplog, capsys, capsysbinary, doctest_namespace, extra, extras, include_metadata_in_junit_xml, metadata, monkeypatch, pytestconfig, record_property, record_testsuite_property, record_xml_attribute, recwarn, testrun_uid, tmp_path, tmp_path_factory, tmpdir, tmpdir_factory, worker_id&#10;&gt;       use 'pytest --fixtures [testpath]' for help on them.&#10;&#10;/app/tests/api/test_employee_api.py:714&quot;">file /app/tests/api/test_employee_api.py, line 714
      def test_success_response_format(
E       fixture 'api_client' not found
&gt;       available fixtures: cache, capfd, capfdbinary, caplog, capsys, capsysbinary, doctest_namespace, extra, extras, include_metadata_in_junit_xml, metadata, monkeypatch, pytestconfig, record_property, record_testsuite_property, record_xml_attribute, recwarn, testrun_uid, tmp_path, tmp_path_factory, tmpdir, tmpdir_factory, worker_id
&gt;       use 'pytest --fixtures [testpath]' for help on them.

/app/tests/api/test_employee_api.py:714</error></testcase><testcase classname="tests.api.test_employee_api.TestEmployeeAuthenticationRequirement" name="test_employee_api_requires_authentication" time="0.001"><error message="failed on setup with &quot;file /app/tests/api/test_employee_api.py, line 756&#10;      def test_employee_api_requires_authentication(&#10;E       fixture 'api_client' not found&#10;&gt;       available fixtures: cache, capfd, capfdbinary, caplog, capsys, capsysbinary, doctest_namespace, extra, extras, include_metadata_in_junit_xml, metadata, monkeypatch, pytestconfig, record_property, record_testsuite_property, record_xml_attribute, recwarn, testrun_uid, tmp_path, tmp_path_factory, tmpdir, tmpdir_factory, worker_id&#10;&gt;       use 'pytest --fixtures [testpath]' for help on them.&#10;&#10;/app/tests/api/test_employee_api.py:756&quot;">file /app/tests/api/test_employee_api.py, line 756
      def test_employee_api_requires_authentication(
E       fixture 'api_client' not found
&gt;       available fixtures: cache, capfd, capfdbinary, caplog, capsys, capsysbinary, doctest_namespace, extra, extras, include_metadata_in_junit_xml, metadata, monkeypatch, pytestconfig, record_property, record_testsuite_property, record_xml_attribute, recwarn, testrun_uid, tmp_path, tmp_path_factory, tmpdir, tmpdir_factory, worker_id
&gt;       use 'pytest --fixtures [testpath]' for help on them.

/app/tests/api/test_employee_api.py:756</error></testcase><testcase classname="tests.api.test_employee_api.TestEmployeeAuthenticationRequirement" name="test_employee_api_requires_correct_scope" time="0.000"><error message="failed on setup with &quot;file /app/tests/api/test_employee_api.py, line 786&#10;      def test_employee_api_requires_correct_scope(&#10;E       fixture 'api_client' not found&#10;&gt;       available fixtures: cache, capfd, capfdbinary, caplog, capsys, capsysbinary, doctest_namespace, extra, extras, include_metadata_in_junit_xml, metadata, monkeypatch, pytestconfig, record_property, record_testsuite_property, record_xml_attribute, recwarn, testrun_uid, tmp_path, tmp_path_factory, tmpdir, tmpdir_factory, worker_id&#10;&gt;       use 'pytest --fixtures [testpath]' for help on them.&#10;&#10;/app/tests/api/test_employee_api.py:786&quot;">file /app/tests/api/test_employee_api.py, line 786
      def test_employee_api_requires_correct_scope(
E       fixture 'api_client' not found
&gt;       available fixtures: cache, capfd, capfdbinary, caplog, capsys, capsysbinary, doctest_namespace, extra, extras, include_metadata_in_junit_xml, metadata, monkeypatch, pytestconfig, record_property, record_testsuite_property, record_xml_attribute, recwarn, testrun_uid, tmp_path, tmp_path_factory, tmpdir, tmpdir_factory, worker_id
&gt;       use 'pytest --fixtures [testpath]' for help on them.

/app/tests/api/test_employee_api.py:786</error></testcase><testcase classname="tests.api.test_inventory_api.TestInventoryFetchEndpoint" name="test_inventory_fetch_requires_authentication" time="0.000"><error message="failed on setup with &quot;file /app/tests/api/test_inventory_api.py, line 26&#10;      def test_inventory_fetch_requires_authentication(&#10;E       fixture 'api_client' not found&#10;&gt;       available fixtures: cache, capfd, capfdbinary, caplog, capsys, capsysbinary, doctest_namespace, extra, extras, include_metadata_in_junit_xml, metadata, monkeypatch, pytestconfig, record_property, record_testsuite_property, record_xml_attribute, recwarn, testrun_uid, tmp_path, tmp_path_factory, tmpdir, tmpdir_factory, worker_id&#10;&gt;       use 'pytest --fixtures [testpath]' for help on them.&#10;&#10;/app/tests/api/test_inventory_api.py:26&quot;">file /app/tests/api/test_inventory_api.py, line 26
      def test_inventory_fetch_requires_authentication(
E       fixture 'api_client' not found
&gt;       available fixtures: cache, capfd, capfdbinary, caplog, capsys, capsysbinary, doctest_namespace, extra, extras, include_metadata_in_junit_xml, metadata, monkeypatch, pytestconfig, record_property, record_testsuite_property, record_xml_attribute, recwarn, testrun_uid, tmp_path, tmp_path_factory, tmpdir, tmpdir_factory, worker_id
&gt;       use 'pytest --fixtures [testpath]' for help on them.

/app/tests/api/test_inventory_api.py:26</error></testcase><testcase classname="tests.api.test_inventory_api.TestInventoryFetchEndpoint" name="test_inventory_fetch_requires_correct_scope" time="0.000"><error message="failed on setup with &quot;file /app/tests/api/test_inventory_api.py, line 52&#10;      def test_inventory_fetch_requires_correct_scope(&#10;E       fixture 'api_client' not found&#10;&gt;       available fixtures: cache, capfd, capfdbinary, caplog, capsys, capsysbinary, doctest_namespace, extra, extras, include_metadata_in_junit_xml, metadata, monkeypatch, pytestconfig, record_property, record_testsuite_property, record_xml_attribute, recwarn, testrun_uid, tmp_path, tmp_path_factory, tmpdir, tmpdir_factory, worker_id&#10;&gt;       use 'pytest --fixtures [testpath]' for help on them.&#10;&#10;/app/tests/api/test_inventory_api.py:52&quot;">file /app/tests/api/test_inventory_api.py, line 52
      def test_inventory_fetch_requires_correct_scope(
E       fixture 'api_client' not found
&gt;       available fixtures: cache, capfd, capfdbinary, caplog, capsys, capsysbinary, doctest_namespace, extra, extras, include_metadata_in_junit_xml, metadata, monkeypatch, pytestconfig, record_property, record_testsuite_property, record_xml_attribute, recwarn, testrun_uid, tmp_path, tmp_path_factory, tmpdir, tmpdir_factory, worker_id
&gt;       use 'pytest --fixtures [testpath]' for help on them.

/app/tests/api/test_inventory_api.py:52</error></testcase><testcase classname="tests.api.test_inventory_api.TestInventoryFetchEndpoint" name="test_inventory_fetch_with_valid_credentials" time="0.000"><error message="failed on setup with &quot;file /app/tests/api/test_inventory_api.py, line 82&#10;      def test_inventory_fetch_with_valid_credentials(&#10;E       fixture 'api_client' not found&#10;&gt;       available fixtures: cache, capfd, capfdbinary, caplog, capsys, capsysbinary, doctest_namespace, extra, extras, include_metadata_in_junit_xml, metadata, monkeypatch, pytestconfig, record_property, record_testsuite_property, record_xml_attribute, recwarn, testrun_uid, tmp_path, tmp_path_factory, tmpdir, tmpdir_factory, worker_id&#10;&gt;       use 'pytest --fixtures [testpath]' for help on them.&#10;&#10;/app/tests/api/test_inventory_api.py:82&quot;">file /app/tests/api/test_inventory_api.py, line 82
      def test_inventory_fetch_with_valid_credentials(
E       fixture 'api_client' not found
&gt;       available fixtures: cache, capfd, capfdbinary, caplog, capsys, capsysbinary, doctest_namespace, extra, extras, include_metadata_in_junit_xml, metadata, monkeypatch, pytestconfig, record_property, record_testsuite_property, record_xml_attribute, recwarn, testrun_uid, tmp_path, tmp_path_factory, tmpdir, tmpdir_factory, worker_id
&gt;       use 'pytest --fixtures [testpath]' for help on them.

/app/tests/api/test_inventory_api.py:82</error></testcase><testcase classname="tests.api.test_inventory_api.TestInventoryFilterByProject" name="test_inventory_fetch_by_project" time="0.001"><error message="failed on setup with &quot;file /app/tests/api/test_inventory_api.py, line 117&#10;      def test_inventory_fetch_by_project(&#10;E       fixture 'api_client' not found&#10;&gt;       available fixtures: cache, capfd, capfdbinary, caplog, capsys, capsysbinary, doctest_namespace, extra, extras, include_metadata_in_junit_xml, metadata, monkeypatch, pytestconfig, record_property, record_testsuite_property, record_xml_attribute, recwarn, testrun_uid, tmp_path, tmp_path_factory, tmpdir, tmpdir_factory, worker_id&#10;&gt;       use 'pytest --fixtures [testpath]' for help on them.&#10;&#10;/app/tests/api/test_inventory_api.py:117&quot;">file /app/tests/api/test_inventory_api.py, line 117
      def test_inventory_fetch_by_project(
E       fixture 'api_client' not found
&gt;       available fixtures: cache, capfd, capfdbinary, caplog, capsys, capsysbinary, doctest_namespace, extra, extras, include_metadata_in_junit_xml, metadata, monkeypatch, pytestconfig, record_property, record_testsuite_property, record_xml_attribute, recwarn, testrun_uid, tmp_path, tmp_path_factory, tmpdir, tmpdir_factory, worker_id
&gt;       use 'pytest --fixtures [testpath]' for help on them.

/app/tests/api/test_inventory_api.py:117</error></testcase><testcase classname="tests.api.test_inventory_api.TestInventoryFilterByProject" name="test_inventory_fetch_invalid_project" time="0.000"><error message="failed on setup with &quot;file /app/tests/api/test_inventory_api.py, line 150&#10;      def test_inventory_fetch_invalid_project(&#10;E       fixture 'api_client' not found&#10;&gt;       available fixtures: cache, capfd, capfdbinary, caplog, capsys, capsysbinary, doctest_namespace, extra, extras, include_metadata_in_junit_xml, metadata, monkeypatch, pytestconfig, record_property, record_testsuite_property, record_xml_attribute, recwarn, testrun_uid, tmp_path, tmp_path_factory, tmpdir, tmpdir_factory, worker_id&#10;&gt;       use 'pytest --fixtures [testpath]' for help on them.&#10;&#10;/app/tests/api/test_inventory_api.py:150&quot;">file /app/tests/api/test_inventory_api.py, line 150
      def test_inventory_fetch_invalid_project(
E       fixture 'api_client' not found
&gt;       available fixtures: cache, capfd, capfdbinary, caplog, capsys, capsysbinary, doctest_namespace, extra, extras, include_metadata_in_junit_xml, metadata, monkeypatch, pytestconfig, record_property, record_testsuite_property, record_xml_attribute, recwarn, testrun_uid, tmp_path, tmp_path_factory, tmpdir, tmpdir_factory, worker_id
&gt;       use 'pytest --fixtures [testpath]' for help on them.

/app/tests/api/test_inventory_api.py:150</error></testcase><testcase classname="tests.api.test_inventory_api.TestInventoryFilterByType" name="test_inventory_fetch_by_type_apartment" time="0.000"><error message="failed on setup with &quot;file /app/tests/api/test_inventory_api.py, line 184&#10;      def test_inventory_fetch_by_type_apartment(&#10;E       fixture 'api_client' not found&#10;&gt;       available fixtures: cache, capfd, capfdbinary, caplog, capsys, capsysbinary, doctest_namespace, extra, extras, include_metadata_in_junit_xml, metadata, monkeypatch, pytestconfig, record_property, record_testsuite_property, record_xml_attribute, recwarn, testrun_uid, tmp_path, tmp_path_factory, tmpdir, tmpdir_factory, worker_id&#10;&gt;       use 'pytest --fixtures [testpath]' for help on them.&#10;&#10;/app/tests/api/test_inventory_api.py:184&quot;">file /app/tests/api/test_inventory_api.py, line 184
      def test_inventory_fetch_by_type_apartment(
E       fixture 'api_client' not found
&gt;       available fixtures: cache, capfd, capfdbinary, caplog, capsys, capsysbinary, doctest_namespace, extra, extras, include_metadata_in_junit_xml, metadata, monkeypatch, pytestconfig, record_property, record_testsuite_property, record_xml_attribute, recwarn, testrun_uid, tmp_path, tmp_path_factory, tmpdir, tmpdir_factory, worker_id
&gt;       use 'pytest --fixtures [testpath]' for help on them.

/app/tests/api/test_inventory_api.py:184</error></testcase><testcase classname="tests.api.test_inventory_api.TestInventoryFilterByType" name="test_inventory_fetch_by_type_villa" time="0.000"><error message="failed on setup with &quot;file /app/tests/api/test_inventory_api.py, line 214&#10;      def test_inventory_fetch_by_type_villa(&#10;E       fixture 'api_client' not found&#10;&gt;       available fixtures: cache, capfd, capfdbinary, caplog, capsys, capsysbinary, doctest_namespace, extra, extras, include_metadata_in_junit_xml, metadata, monkeypatch, pytestconfig, record_property, record_testsuite_property, record_xml_attribute, recwarn, testrun_uid, tmp_path, tmp_path_factory, tmpdir, tmpdir_factory, worker_id&#10;&gt;       use 'pytest --fixtures [testpath]' for help on them.&#10;&#10;/app/tests/api/test_inventory_api.py:214&quot;">file /app/tests/api/test_inventory_api.py, line 214
      def test_inventory_fetch_by_type_villa(
E       fixture 'api_client' not found
&gt;       available fixtures: cache, capfd, capfdbinary, caplog, capsys, capsysbinary, doctest_namespace, extra, extras, include_metadata_in_junit_xml, metadata, monkeypatch, pytestconfig, record_property, record_testsuite_property, record_xml_attribute, recwarn, testrun_uid, tmp_path, tmp_path_factory, tmpdir, tmpdir_factory, worker_id
&gt;       use 'pytest --fixtures [testpath]' for help on them.

/app/tests/api/test_inventory_api.py:214</error></testcase><testcase classname="tests.api.test_inventory_api.TestInventoryFetchAll" name="test_inventory_fetch_all_no_filters" time="0.000"><error message="failed on setup with &quot;file /app/tests/api/test_inventory_api.py, line 248&#10;      def test_inventory_fetch_all_no_filters(&#10;E       fixture 'api_client' not found&#10;&gt;       available fixtures: cache, capfd, capfdbinary, caplog, capsys, capsysbinary, doctest_namespace, extra, extras, include_metadata_in_junit_xml, metadata, monkeypatch, pytestconfig, record_property, record_testsuite_property, record_xml_attribute, recwarn, testrun_uid, tmp_path, tmp_path_factory, tmpdir, tmpdir_factory, worker_id&#10;&gt;       use 'pytest --fixtures [testpath]' for help on them.&#10;&#10;/app/tests/api/test_inventory_api.py:248&quot;">file /app/tests/api/test_inventory_api.py, line 248
      def test_inventory_fetch_all_no_filters(
E       fixture 'api_client' not found
&gt;       available fixtures: cache, capfd, capfdbinary, caplog, capsys, capsysbinary, doctest_namespace, extra, extras, include_metadata_in_junit_xml, metadata, monkeypatch, pytestconfig, record_property, record_testsuite_property, record_xml_attribute, recwarn, testrun_uid, tmp_path, tmp_path_factory, tmpdir, tmpdir_factory, worker_id
&gt;       use 'pytest --fixtures [testpath]' for help on them.

/app/tests/api/test_inventory_api.py:248</error></testcase><testcase classname="tests.api.test_inventory_api.TestInventoryResponseFormat" name="test_inventory_response_contains_expected_fields" time="0.001"><error message="failed on setup with &quot;file /app/tests/api/test_inventory_api.py, line 285&#10;      def test_inventory_response_contains_expected_fields(&#10;E       fixture 'api_client' not found&#10;&gt;       available fixtures: cache, capfd, capfdbinary, caplog, capsys, capsysbinary, doctest_namespace, extra, extras, include_metadata_in_junit_xml, metadata, monkeypatch, pytestconfig, record_property, record_testsuite_property, record_xml_attribute, recwarn, testrun_uid, tmp_path, tmp_path_factory, tmpdir, tmpdir_factory, worker_id&#10;&gt;       use 'pytest --fixtures [testpath]' for help on them.&#10;&#10;/app/tests/api/test_inventory_api.py:285&quot;">file /app/tests/api/test_inventory_api.py, line 285
      def test_inventory_response_contains_expected_fields(
E       fixture 'api_client' not found
&gt;       available fixtures: cache, capfd, capfdbinary, caplog, capsys, capsysbinary, doctest_namespace, extra, extras, include_metadata_in_junit_xml, metadata, monkeypatch, pytestconfig, record_property, record_testsuite_property, record_xml_attribute, recwarn, testrun_uid, tmp_path, tmp_path_factory, tmpdir, tmpdir_factory, worker_id
&gt;       use 'pytest --fixtures [testpath]' for help on them.

/app/tests/api/test_inventory_api.py:285</error></testcase><testcase classname="tests.api.test_inventory_api.TestInventoryResponseFormat" name="test_inventory_success_response_format" time="0.000"><error message="failed on setup with &quot;file /app/tests/api/test_inventory_api.py, line 334&#10;      def test_inventory_success_response_format(&#10;E       fixture 'api_client' not found&#10;&gt;       available fixtures: cache, capfd, capfdbinary, caplog, capsys, capsysbinary, doctest_namespace, extra, extras, include_metadata_in_junit_xml, metadata, monkeypatch, pytestconfig, record_property, record_testsuite_property, record_xml_attribute, recwarn, testrun_uid, tmp_path, tmp_path_factory, tmpdir, tmpdir_factory, worker_id&#10;&gt;       use 'pytest --fixtures [testpath]' for help on them.&#10;&#10;/app/tests/api/test_inventory_api.py:334&quot;">file /app/tests/api/test_inventory_api.py, line 334
      def test_inventory_success_response_format(
E       fixture 'api_client' not found
&gt;       available fixtures: cache, capfd, capfdbinary, caplog, capsys, capsysbinary, doctest_namespace, extra, extras, include_metadata_in_junit_xml, metadata, monkeypatch, pytestconfig, record_property, record_testsuite_property, record_xml_attribute, recwarn, testrun_uid, tmp_path, tmp_path_factory, tmpdir, tmpdir_factory, worker_id
&gt;       use 'pytest --fixtures [testpath]' for help on them.

/app/tests/api/test_inventory_api.py:334</error></testcase><testcase classname="tests.api.test_inventory_api.TestInventoryEmptyResults" name="test_inventory_empty_result_for_nonexistent_filter" time="0.000"><error message="failed on setup with &quot;file /app/tests/api/test_inventory_api.py, line 371&#10;      def test_inventory_empty_result_for_nonexistent_filter(&#10;E       fixture 'api_client' not found&#10;&gt;       available fixtures: cache, capfd, capfdbinary, caplog, capsys, capsysbinary, doctest_namespace, extra, extras, include_metadata_in_junit_xml, metadata, monkeypatch, pytestconfig, record_property, record_testsuite_property, record_xml_attribute, recwarn, testrun_uid, tmp_path, tmp_path_factory, tmpdir, tmpdir_factory, worker_id&#10;&gt;       use 'pytest --fixtures [testpath]' for help on them.&#10;&#10;/app/tests/api/test_inventory_api.py:371&quot;">file /app/tests/api/test_inventory_api.py, line 371
      def test_inventory_empty_result_for_nonexistent_filter(
E       fixture 'api_client' not found
&gt;       available fixtures: cache, capfd, capfdbinary, caplog, capsys, capsysbinary, doctest_namespace, extra, extras, include_metadata_in_junit_xml, metadata, monkeypatch, pytestconfig, record_property, record_testsuite_property, record_xml_attribute, recwarn, testrun_uid, tmp_path, tmp_path_factory, tmpdir, tmpdir_factory, worker_id
&gt;       use 'pytest --fixtures [testpath]' for help on them.

/app/tests/api/test_inventory_api.py:371</error></testcase><testcase classname="tests.api.test_inventory_api.TestInventoryCombinedFilters" name="test_inventory_fetch_by_project_and_type" time="0.001"><error message="failed on setup with &quot;file /app/tests/api/test_inventory_api.py, line 410&#10;      def test_inventory_fetch_by_project_and_type(&#10;E       fixture 'api_client' not found&#10;&gt;       available fixtures: cache, capfd, capfdbinary, caplog, capsys, capsysbinary, doctest_namespace, extra, extras, include_metadata_in_junit_xml, metadata, monkeypatch, pytestconfig, record_property, record_testsuite_property, record_xml_attribute, recwarn, testrun_uid, tmp_path, tmp_path_factory, tmpdir, tmpdir_factory, worker_id&#10;&gt;       use 'pytest --fixtures [testpath]' for help on them.&#10;&#10;/app/tests/api/test_inventory_api.py:410&quot;">file /app/tests/api/test_inventory_api.py, line 410
      def test_inventory_fetch_by_project_and_type(
E       fixture 'api_client' not found
&gt;       available fixtures: cache, capfd, capfdbinary, caplog, capsys, capsysbinary, doctest_namespace, extra, extras, include_metadata_in_junit_xml, metadata, monkeypatch, pytestconfig, record_property, record_testsuite_property, record_xml_attribute, recwarn, testrun_uid, tmp_path, tmp_path_factory, tmpdir, tmpdir_factory, worker_id
&gt;       use 'pytest --fixtures [testpath]' for help on them.

/app/tests/api/test_inventory_api.py:410</error></testcase><testcase classname="tests.api.test_inventory_api.TestInventoryDataQuality" name="test_inventory_pricing_information_present" time="0.000"><error message="failed on setup with &quot;file /app/tests/api/test_inventory_api.py, line 445&#10;      def test_inventory_pricing_information_present(&#10;E       fixture 'api_client' not found&#10;&gt;       available fixtures: cache, capfd, capfdbinary, caplog, capsys, capsysbinary, doctest_namespace, extra, extras, include_metadata_in_junit_xml, metadata, monkeypatch, pytestconfig, record_property, record_testsuite_property, record_xml_attribute, recwarn, testrun_uid, tmp_path, tmp_path_factory, tmpdir, tmpdir_factory, worker_id&#10;&gt;       use 'pytest --fixtures [testpath]' for help on them.&#10;&#10;/app/tests/api/test_inventory_api.py:445&quot;">file /app/tests/api/test_inventory_api.py, line 445
      def test_inventory_pricing_information_present(
E       fixture 'api_client' not found
&gt;       available fixtures: cache, capfd, capfdbinary, caplog, capsys, capsysbinary, doctest_namespace, extra, extras, include_metadata_in_junit_xml, metadata, monkeypatch, pytestconfig, record_property, record_testsuite_property, record_xml_attribute, recwarn, testrun_uid, tmp_path, tmp_path_factory, tmpdir, tmpdir_factory, worker_id
&gt;       use 'pytest --fixtures [testpath]' for help on them.

/app/tests/api/test_inventory_api.py:445</error></testcase><testcase classname="tests.api.test_inventory_api.TestInventoryDataQuality" name="test_inventory_status_values" time="0.001"><error message="failed on setup with &quot;file /app/tests/api/test_inventory_api.py, line 480&#10;      def test_inventory_status_values(&#10;E       fixture 'api_client' not found&#10;&gt;       available fixtures: cache, capfd, capfdbinary, caplog, capsys, capsysbinary, doctest_namespace, extra, extras, include_metadata_in_junit_xml, metadata, monkeypatch, pytestconfig, record_property, record_testsuite_property, record_xml_attribute, recwarn, testrun_uid, tmp_path, tmp_path_factory, tmpdir, tmpdir_factory, worker_id&#10;&gt;       use 'pytest --fixtures [testpath]' for help on them.&#10;&#10;/app/tests/api/test_inventory_api.py:480&quot;">file /app/tests/api/test_inventory_api.py, line 480
      def test_inventory_status_values(
E       fixture 'api_client' not found
&gt;       available fixtures: cache, capfd, capfdbinary, caplog, capsys, capsysbinary, doctest_namespace, extra, extras, include_metadata_in_junit_xml, metadata, monkeypatch, pytestconfig, record_property, record_testsuite_property, record_xml_attribute, recwarn, testrun_uid, tmp_path, tmp_path_factory, tmpdir, tmpdir_factory, worker_id
&gt;       use 'pytest --fixtures [testpath]' for help on them.

/app/tests/api/test_inventory_api.py:480</error></testcase><testcase classname="tests.api.test_project_api.TestProjectFetchEndpoint" name="test_project_fetch_requires_authentication" time="0.000"><error message="failed on setup with &quot;file /app/tests/api/test_project_api.py, line 26&#10;      def test_project_fetch_requires_authentication(&#10;E       fixture 'api_client' not found&#10;&gt;       available fixtures: cache, capfd, capfdbinary, caplog, capsys, capsysbinary, doctest_namespace, extra, extras, include_metadata_in_junit_xml, metadata, monkeypatch, pytestconfig, record_property, record_testsuite_property, record_xml_attribute, recwarn, testrun_uid, tmp_path, tmp_path_factory, tmpdir, tmpdir_factory, worker_id&#10;&gt;       use 'pytest --fixtures [testpath]' for help on them.&#10;&#10;/app/tests/api/test_project_api.py:26&quot;">file /app/tests/api/test_project_api.py, line 26
      def test_project_fetch_requires_authentication(
E       fixture 'api_client' not found
&gt;       available fixtures: cache, capfd, capfdbinary, caplog, capsys, capsysbinary, doctest_namespace, extra, extras, include_metadata_in_junit_xml, metadata, monkeypatch, pytestconfig, record_property, record_testsuite_property, record_xml_attribute, recwarn, testrun_uid, tmp_path, tmp_path_factory, tmpdir, tmpdir_factory, worker_id
&gt;       use 'pytest --fixtures [testpath]' for help on them.

/app/tests/api/test_project_api.py:26</error></testcase><testcase classname="tests.api.test_project_api.TestProjectFetchEndpoint" name="test_project_fetch_requires_correct_scope" time="0.001"><error message="failed on setup with &quot;file /app/tests/api/test_project_api.py, line 52&#10;      def test_project_fetch_requires_correct_scope(&#10;E       fixture 'api_client' not found&#10;&gt;       available fixtures: cache, capfd, capfdbinary, caplog, capsys, capsysbinary, doctest_namespace, extra, extras, include_metadata_in_junit_xml, metadata, monkeypatch, pytestconfig, record_property, record_testsuite_property, record_xml_attribute, recwarn, testrun_uid, tmp_path, tmp_path_factory, tmpdir, tmpdir_factory, worker_id&#10;&gt;       use 'pytest --fixtures [testpath]' for help on them.&#10;&#10;/app/tests/api/test_project_api.py:52&quot;">file /app/tests/api/test_project_api.py, line 52
      def test_project_fetch_requires_correct_scope(
E       fixture 'api_client' not found
&gt;       available fixtures: cache, capfd, capfdbinary, caplog, capsys, capsysbinary, doctest_namespace, extra, extras, include_metadata_in_junit_xml, metadata, monkeypatch, pytestconfig, record_property, record_testsuite_property, record_xml_attribute, recwarn, testrun_uid, tmp_path, tmp_path_factory, tmpdir, tmpdir_factory, worker_id
&gt;       use 'pytest --fixtures [testpath]' for help on them.

/app/tests/api/test_project_api.py:52</error></testcase><testcase classname="tests.api.test_project_api.TestProjectFetchEndpoint" name="test_project_fetch_with_valid_credentials" time="0.000"><error message="failed on setup with &quot;file /app/tests/api/test_project_api.py, line 82&#10;      def test_project_fetch_with_valid_credentials(&#10;E       fixture 'api_client' not found&#10;&gt;       available fixtures: cache, capfd, capfdbinary, caplog, capsys, capsysbinary, doctest_namespace, extra, extras, include_metadata_in_junit_xml, metadata, monkeypatch, pytestconfig, record_property, record_testsuite_property, record_xml_attribute, recwarn, testrun_uid, tmp_path, tmp_path_factory, tmpdir, tmpdir_factory, worker_id&#10;&gt;       use 'pytest --fixtures [testpath]' for help on them.&#10;&#10;/app/tests/api/test_project_api.py:82&quot;">file /app/tests/api/test_project_api.py, line 82
      def test_project_fetch_with_valid_credentials(
E       fixture 'api_client' not found
&gt;       available fixtures: cache, capfd, capfdbinary, caplog, capsys, capsysbinary, doctest_namespace, extra, extras, include_metadata_in_junit_xml, metadata, monkeypatch, pytestconfig, record_property, record_testsuite_property, record_xml_attribute, recwarn, testrun_uid, tmp_path, tmp_path_factory, tmpdir, tmpdir_factory, worker_id
&gt;       use 'pytest --fixtures [testpath]' for help on them.

/app/tests/api/test_project_api.py:82</error></testcase><testcase classname="tests.api.test_project_api.TestProjectFetchAll" name="test_project_fetch_all_no_filters" time="0.000"><error message="failed on setup with &quot;file /app/tests/api/test_project_api.py, line 117&#10;      def test_project_fetch_all_no_filters(&#10;E       fixture 'api_client' not found&#10;&gt;       available fixtures: cache, capfd, capfdbinary, caplog, capsys, capsysbinary, doctest_namespace, extra, extras, include_metadata_in_junit_xml, metadata, monkeypatch, pytestconfig, record_property, record_testsuite_property, record_xml_attribute, recwarn, testrun_uid, tmp_path, tmp_path_factory, tmpdir, tmpdir_factory, worker_id&#10;&gt;       use 'pytest --fixtures [testpath]' for help on them.&#10;&#10;/app/tests/api/test_project_api.py:117&quot;">file /app/tests/api/test_project_api.py, line 117
      def test_project_fetch_all_no_filters(
E       fixture 'api_client' not found
&gt;       available fixtures: cache, capfd, capfdbinary, caplog, capsys, capsysbinary, doctest_namespace, extra, extras, include_metadata_in_junit_xml, metadata, monkeypatch, pytestconfig, record_property, record_testsuite_property, record_xml_attribute, recwarn, testrun_uid, tmp_path, tmp_path_factory, tmpdir, tmpdir_factory, worker_id
&gt;       use 'pytest --fixtures [testpath]' for help on them.

/app/tests/api/test_project_api.py:117</error></testcase><testcase classname="tests.api.test_project_api.TestProjectFetchSpecific" name="test_project_fetch_by_id" time="0.000"><error message="failed on setup with &quot;file /app/tests/api/test_project_api.py, line 154&#10;      def test_project_fetch_by_id(&#10;E       fixture 'api_client' not found&#10;&gt;       available fixtures: cache, capfd, capfdbinary, caplog, capsys, capsysbinary, doctest_namespace, extra, extras, include_metadata_in_junit_xml, metadata, monkeypatch, pytestconfig, record_property, record_testsuite_property, record_xml_attribute, recwarn, testrun_uid, tmp_path, tmp_path_factory, tmpdir, tmpdir_factory, worker_id&#10;&gt;       use 'pytest --fixtures [testpath]' for help on them.&#10;&#10;/app/tests/api/test_project_api.py:154&quot;">file /app/tests/api/test_project_api.py, line 154
      def test_project_fetch_by_id(
E       fixture 'api_client' not found
&gt;       available fixtures: cache, capfd, capfdbinary, caplog, capsys, capsysbinary, doctest_namespace, extra, extras, include_metadata_in_junit_xml, metadata, monkeypatch, pytestconfig, record_property, record_testsuite_property, record_xml_attribute, recwarn, testrun_uid, tmp_path, tmp_path_factory, tmpdir, tmpdir_factory, worker_id
&gt;       use 'pytest --fixtures [testpath]' for help on them.

/app/tests/api/test_project_api.py:154</error></testcase><testcase classname="tests.api.test_project_api.TestProjectFetchSpecific" name="test_project_fetch_invalid_id" time="0.000"><error message="failed on setup with &quot;file /app/tests/api/test_project_api.py, line 184&#10;      def test_project_fetch_invalid_id(&#10;E       fixture 'api_client' not found&#10;&gt;       available fixtures: cache, capfd, capfdbinary, caplog, capsys, capsysbinary, doctest_namespace, extra, extras, include_metadata_in_junit_xml, metadata, monkeypatch, pytestconfig, record_property, record_testsuite_property, record_xml_attribute, recwarn, testrun_uid, tmp_path, tmp_path_factory, tmpdir, tmpdir_factory, worker_id&#10;&gt;       use 'pytest --fixtures [testpath]' for help on them.&#10;&#10;/app/tests/api/test_project_api.py:184&quot;">file /app/tests/api/test_project_api.py, line 184
      def test_project_fetch_invalid_id(
E       fixture 'api_client' not found
&gt;       available fixtures: cache, capfd, capfdbinary, caplog, capsys, capsysbinary, doctest_namespace, extra, extras, include_metadata_in_junit_xml, metadata, monkeypatch, pytestconfig, record_property, record_testsuite_property, record_xml_attribute, recwarn, testrun_uid, tmp_path, tmp_path_factory, tmpdir, tmpdir_factory, worker_id
&gt;       use 'pytest --fixtures [testpath]' for help on them.

/app/tests/api/test_project_api.py:184</error></testcase><testcase classname="tests.api.test_project_api.TestProjectFilterByStatus" name="test_project_fetch_by_status_active" time="0.000"><error message="failed on setup with &quot;file /app/tests/api/test_project_api.py, line 218&#10;      def test_project_fetch_by_status_active(&#10;E       fixture 'api_client' not found&#10;&gt;       available fixtures: cache, capfd, capfdbinary, caplog, capsys, capsysbinary, doctest_namespace, extra, extras, include_metadata_in_junit_xml, metadata, monkeypatch, pytestconfig, record_property, record_testsuite_property, record_xml_attribute, recwarn, testrun_uid, tmp_path, tmp_path_factory, tmpdir, tmpdir_factory, worker_id&#10;&gt;       use 'pytest --fixtures [testpath]' for help on them.&#10;&#10;/app/tests/api/test_project_api.py:218&quot;">file /app/tests/api/test_project_api.py, line 218
      def test_project_fetch_by_status_active(
E       fixture 'api_client' not found
&gt;       available fixtures: cache, capfd, capfdbinary, caplog, capsys, capsysbinary, doctest_namespace, extra, extras, include_metadata_in_junit_xml, metadata, monkeypatch, pytestconfig, record_property, record_testsuite_property, record_xml_attribute, recwarn, testrun_uid, tmp_path, tmp_path_factory, tmpdir, tmpdir_factory, worker_id
&gt;       use 'pytest --fixtures [testpath]' for help on them.

/app/tests/api/test_project_api.py:218</error></testcase><testcase classname="tests.api.test_project_api.TestProjectFilterByStatus" name="test_project_fetch_by_status_completed" time="0.000"><error message="failed on setup with &quot;file /app/tests/api/test_project_api.py, line 248&#10;      def test_project_fetch_by_status_completed(&#10;E       fixture 'api_client' not found&#10;&gt;       available fixtures: cache, capfd, capfdbinary, caplog, capsys, capsysbinary, doctest_namespace, extra, extras, include_metadata_in_junit_xml, metadata, monkeypatch, pytestconfig, record_property, record_testsuite_property, record_xml_attribute, recwarn, testrun_uid, tmp_path, tmp_path_factory, tmpdir, tmpdir_factory, worker_id&#10;&gt;       use 'pytest --fixtures [testpath]' for help on them.&#10;&#10;/app/tests/api/test_project_api.py:248&quot;">file /app/tests/api/test_project_api.py, line 248
      def test_project_fetch_by_status_completed(
E       fixture 'api_client' not found
&gt;       available fixtures: cache, capfd, capfdbinary, caplog, capsys, capsysbinary, doctest_namespace, extra, extras, include_metadata_in_junit_xml, metadata, monkeypatch, pytestconfig, record_property, record_testsuite_property, record_xml_attribute, recwarn, testrun_uid, tmp_path, tmp_path_factory, tmpdir, tmpdir_factory, worker_id
&gt;       use 'pytest --fixtures [testpath]' for help on them.

/app/tests/api/test_project_api.py:248</error></testcase><testcase classname="tests.api.test_project_api.TestProjectResponseFormat" name="test_project_response_contains_expected_fields" time="0.000"><error message="failed on setup with &quot;file /app/tests/api/test_project_api.py, line 282&#10;      def test_project_response_contains_expected_fields(&#10;E       fixture 'api_client' not found&#10;&gt;       available fixtures: cache, capfd, capfdbinary, caplog, capsys, capsysbinary, doctest_namespace, extra, extras, include_metadata_in_junit_xml, metadata, monkeypatch, pytestconfig, record_property, record_testsuite_property, record_xml_attribute, recwarn, testrun_uid, tmp_path, tmp_path_factory, tmpdir, tmpdir_factory, worker_id&#10;&gt;       use 'pytest --fixtures [testpath]' for help on them.&#10;&#10;/app/tests/api/test_project_api.py:282&quot;">file /app/tests/api/test_project_api.py, line 282
      def test_project_response_contains_expected_fields(
E       fixture 'api_client' not found
&gt;       available fixtures: cache, capfd, capfdbinary, caplog, capsys, capsysbinary, doctest_namespace, extra, extras, include_metadata_in_junit_xml, metadata, monkeypatch, pytestconfig, record_property, record_testsuite_property, record_xml_attribute, recwarn, testrun_uid, tmp_path, tmp_path_factory, tmpdir, tmpdir_factory, worker_id
&gt;       use 'pytest --fixtures [testpath]' for help on them.

/app/tests/api/test_project_api.py:282</error></testcase><testcase classname="tests.api.test_project_api.TestProjectResponseFormat" name="test_project_success_response_format" time="0.001"><error message="failed on setup with &quot;file /app/tests/api/test_project_api.py, line 331&#10;      def test_project_success_response_format(&#10;E       fixture 'api_client' not found&#10;&gt;       available fixtures: cache, capfd, capfdbinary, caplog, capsys, capsysbinary, doctest_namespace, extra, extras, include_metadata_in_junit_xml, metadata, monkeypatch, pytestconfig, record_property, record_testsuite_property, record_xml_attribute, recwarn, testrun_uid, tmp_path, tmp_path_factory, tmpdir, tmpdir_factory, worker_id&#10;&gt;       use 'pytest --fixtures [testpath]' for help on them.&#10;&#10;/app/tests/api/test_project_api.py:331&quot;">file /app/tests/api/test_project_api.py, line 331
      def test_project_success_response_format(
E       fixture 'api_client' not found
&gt;       available fixtures: cache, capfd, capfdbinary, caplog, capsys, capsysbinary, doctest_namespace, extra, extras, include_metadata_in_junit_xml, metadata, monkeypatch, pytestconfig, record_property, record_testsuite_property, record_xml_attribute, recwarn, testrun_uid, tmp_path, tmp_path_factory, tmpdir, tmpdir_factory, worker_id
&gt;       use 'pytest --fixtures [testpath]' for help on them.

/app/tests/api/test_project_api.py:331</error></testcase><testcase classname="tests.api.test_project_api.TestProjectLocationInformation" name="test_project_location_fields_present" time="0.000"><error message="failed on setup with &quot;file /app/tests/api/test_project_api.py, line 368&#10;      def test_project_location_fields_present(&#10;E       fixture 'api_client' not found&#10;&gt;       available fixtures: cache, capfd, capfdbinary, caplog, capsys, capsysbinary, doctest_namespace, extra, extras, include_metadata_in_junit_xml, metadata, monkeypatch, pytestconfig, record_property, record_testsuite_property, record_xml_attribute, recwarn, testrun_uid, tmp_path, tmp_path_factory, tmpdir, tmpdir_factory, worker_id&#10;&gt;       use 'pytest --fixtures [testpath]' for help on them.&#10;&#10;/app/tests/api/test_project_api.py:368&quot;">file /app/tests/api/test_project_api.py, line 368
      def test_project_location_fields_present(
E       fixture 'api_client' not found
&gt;       available fixtures: cache, capfd, capfdbinary, caplog, capsys, capsysbinary, doctest_namespace, extra, extras, include_metadata_in_junit_xml, metadata, monkeypatch, pytestconfig, record_property, record_testsuite_property, record_xml_attribute, recwarn, testrun_uid, tmp_path, tmp_path_factory, tmpdir, tmpdir_factory, worker_id
&gt;       use 'pytest --fixtures [testpath]' for help on them.

/app/tests/api/test_project_api.py:368</error></testcase><testcase classname="tests.api.test_project_api.TestProjectSpecifications" name="test_project_specifications_present" time="0.000"><error message="failed on setup with &quot;file /app/tests/api/test_project_api.py, line 410&#10;      def test_project_specifications_present(&#10;E       fixture 'api_client' not found&#10;&gt;       available fixtures: cache, capfd, capfdbinary, caplog, capsys, capsysbinary, doctest_namespace, extra, extras, include_metadata_in_junit_xml, metadata, monkeypatch, pytestconfig, record_property, record_testsuite_property, record_xml_attribute, recwarn, testrun_uid, tmp_path, tmp_path_factory, tmpdir, tmpdir_factory, worker_id&#10;&gt;       use 'pytest --fixtures [testpath]' for help on them.&#10;&#10;/app/tests/api/test_project_api.py:410&quot;">file /app/tests/api/test_project_api.py, line 410
      def test_project_specifications_present(
E       fixture 'api_client' not found
&gt;       available fixtures: cache, capfd, capfdbinary, caplog, capsys, capsysbinary, doctest_namespace, extra, extras, include_metadata_in_junit_xml, metadata, monkeypatch, pytestconfig, record_property, record_testsuite_property, record_xml_attribute, recwarn, testrun_uid, tmp_path, tmp_path_factory, tmpdir, tmpdir_factory, worker_id
&gt;       use 'pytest --fixtures [testpath]' for help on them.

/app/tests/api/test_project_api.py:410</error></testcase><testcase classname="tests.api.test_project_api.TestProjectAmenities" name="test_project_amenities_list_present" time="0.000"><error message="failed on setup with &quot;file /app/tests/api/test_project_api.py, line 452&#10;      def test_project_amenities_list_present(&#10;E       fixture 'api_client' not found&#10;&gt;       available fixtures: cache, capfd, capfdbinary, caplog, capsys, capsysbinary, doctest_namespace, extra, extras, include_metadata_in_junit_xml, metadata, monkeypatch, pytestconfig, record_property, record_testsuite_property, record_xml_attribute, recwarn, testrun_uid, tmp_path, tmp_path_factory, tmpdir, tmpdir_factory, worker_id&#10;&gt;       use 'pytest --fixtures [testpath]' for help on them.&#10;&#10;/app/tests/api/test_project_api.py:452&quot;">file /app/tests/api/test_project_api.py, line 452
      def test_project_amenities_list_present(
E       fixture 'api_client' not found
&gt;       available fixtures: cache, capfd, capfdbinary, caplog, capsys, capsysbinary, doctest_namespace, extra, extras, include_metadata_in_junit_xml, metadata, monkeypatch, pytestconfig, record_property, record_testsuite_property, record_xml_attribute, recwarn, testrun_uid, tmp_path, tmp_path_factory, tmpdir, tmpdir_factory, worker_id
&gt;       use 'pytest --fixtures [testpath]' for help on them.

/app/tests/api/test_project_api.py:452</error></testcase><testcase classname="tests.api.test_project_api.TestProjectTimeline" name="test_project_timeline_fields_present" time="0.000"><error message="failed on setup with &quot;file /app/tests/api/test_project_api.py, line 490&#10;      def test_project_timeline_fields_present(&#10;E       fixture 'api_client' not found&#10;&gt;       available fixtures: cache, capfd, capfdbinary, caplog, capsys, capsysbinary, doctest_namespace, extra, extras, include_metadata_in_junit_xml, metadata, monkeypatch, pytestconfig, record_property, record_testsuite_property, record_xml_attribute, recwarn, testrun_uid, tmp_path, tmp_path_factory, tmpdir, tmpdir_factory, worker_id&#10;&gt;       use 'pytest --fixtures [testpath]' for help on them.&#10;&#10;/app/tests/api/test_project_api.py:490&quot;">file /app/tests/api/test_project_api.py, line 490
      def test_project_timeline_fields_present(
E       fixture 'api_client' not found
&gt;       available fixtures: cache, capfd, capfdbinary, caplog, capsys, capsysbinary, doctest_namespace, extra, extras, include_metadata_in_junit_xml, metadata, monkeypatch, pytestconfig, record_property, record_testsuite_property, record_xml_attribute, recwarn, testrun_uid, tmp_path, tmp_path_factory, tmpdir, tmpdir_factory, worker_id
&gt;       use 'pytest --fixtures [testpath]' for help on them.

/app/tests/api/test_project_api.py:490</error></testcase><testcase classname="tests.api.test_project_api.TestProjectContactInformation" name="test_project_contact_fields_present" time="0.000"><error message="failed on setup with &quot;file /app/tests/api/test_project_api.py, line 532&#10;      def test_project_contact_fields_present(&#10;E       fixture 'api_client' not found&#10;&gt;       available fixtures: cache, capfd, capfdbinary, caplog, capsys, capsysbinary, doctest_namespace, extra, extras, include_metadata_in_junit_xml, metadata, monkeypatch, pytestconfig, record_property, record_testsuite_property, record_xml_attribute, recwarn, testrun_uid, tmp_path, tmp_path_factory, tmpdir, tmpdir_factory, worker_id&#10;&gt;       use 'pytest --fixtures [testpath]' for help on them.&#10;&#10;/app/tests/api/test_project_api.py:532&quot;">file /app/tests/api/test_project_api.py, line 532
      def test_project_contact_fields_present(
E       fixture 'api_client' not found
&gt;       available fixtures: cache, capfd, capfdbinary, caplog, capsys, capsysbinary, doctest_namespace, extra, extras, include_metadata_in_junit_xml, metadata, monkeypatch, pytestconfig, record_property, record_testsuite_property, record_xml_attribute, recwarn, testrun_uid, tmp_path, tmp_path_factory, tmpdir, tmpdir_factory, worker_id
&gt;       use 'pytest --fixtures [testpath]' for help on them.

/app/tests/api/test_project_api.py:532</error></testcase><testcase classname="tests.api.test_project_api.TestProjectEmptyResults" name="test_project_empty_result_for_nonexistent_filter" time="0.000"><error message="failed on setup with &quot;file /app/tests/api/test_project_api.py, line 571&#10;      def test_project_empty_result_for_nonexistent_filter(&#10;E       fixture 'api_client' not found&#10;&gt;       available fixtures: cache, capfd, capfdbinary, caplog, capsys, capsysbinary, doctest_namespace, extra, extras, include_metadata_in_junit_xml, metadata, monkeypatch, pytestconfig, record_property, record_testsuite_property, record_xml_attribute, recwarn, testrun_uid, tmp_path, tmp_path_factory, tmpdir, tmpdir_factory, worker_id&#10;&gt;       use 'pytest --fixtures [testpath]' for help on them.&#10;&#10;/app/tests/api/test_project_api.py:571&quot;">file /app/tests/api/test_project_api.py, line 571
      def test_project_empty_result_for_nonexistent_filter(
E       fixture 'api_client' not found
&gt;       available fixtures: cache, capfd, capfdbinary, caplog, capsys, capsysbinary, doctest_namespace, extra, extras, include_metadata_in_junit_xml, metadata, monkeypatch, pytestconfig, record_property, record_testsuite_property, record_xml_attribute, recwarn, testrun_uid, tmp_path, tmp_path_factory, tmpdir, tmpdir_factory, worker_id
&gt;       use 'pytest --fixtures [testpath]' for help on them.

/app/tests/api/test_project_api.py:571</error></testcase><testcase classname="tests.api.test_project_api.TestProjectRERACompliance" name="test_project_rera_number_present" time="0.000"><error message="failed on setup with &quot;file /app/tests/api/test_project_api.py, line 609&#10;      def test_project_rera_number_present(&#10;E       fixture 'api_client' not found&#10;&gt;       available fixtures: cache, capfd, capfdbinary, caplog, capsys, capsysbinary, doctest_namespace, extra, extras, include_metadata_in_junit_xml, metadata, monkeypatch, pytestconfig, record_property, record_testsuite_property, record_xml_attribute, recwarn, testrun_uid, tmp_path, tmp_path_factory, tmpdir, tmpdir_factory, worker_id&#10;&gt;       use 'pytest --fixtures [testpath]' for help on them.&#10;&#10;/app/tests/api/test_project_api.py:609&quot;">file /app/tests/api/test_project_api.py, line 609
      def test_project_rera_number_present(
E       fixture 'api_client' not found
&gt;       available fixtures: cache, capfd, capfdbinary, caplog, capsys, capsysbinary, doctest_namespace, extra, extras, include_metadata_in_junit_xml, metadata, monkeypatch, pytestconfig, record_property, record_testsuite_property, record_xml_attribute, recwarn, testrun_uid, tmp_path, tmp_path_factory, tmpdir, tmpdir_factory, worker_id
&gt;       use 'pytest --fixtures [testpath]' for help on them.

/app/tests/api/test_project_api.py:609</error></testcase></testsuite></testsuites>